#
# There is insufficient memory for the Java Runtime Environment to continue.
# Native memory allocation (malloc) failed to allocate 105616 bytes for Chunk::new
# Possible reasons:
#   The system is out of physical RAM or swap space
#   The process is running with CompressedOops enabled, and the Java Heap may be blocking the growth of the native heap
# Possible solutions:
#   Reduce memory load on the system
#   Increase physical memory or swap space
#   Check if swap backing store is full
#   Decrease Java heap size (-Xmx/-Xms)
#   Decrease number of Java threads
#   Decrease Java thread stack sizes (-Xss)
#   Set larger code cache with -XX:ReservedCodeCacheSize=
#   JVM is running with Unscaled Compressed Oops mode in which the Java heap is
#     placed in the first 4GB address space. The Java Heap base address is the
#     maximum limit for the native heap growth. Please use -XX:HeapBaseMinAddress
#     to set the Java Heap base and to place the Java Heap above 4GB virtual address.
# This output file may be truncated or incomplete.
#
#  Out of Memory Error (arena.cpp:197), pid=16932, tid=11208
#
# JRE version: OpenJDK Runtime Environment Temurin-11.0.19+7 (11.0.19+7) (build 11.0.19+7)
# Java VM: OpenJDK 64-Bit Server VM Temurin-11.0.19+7 (11.0.19+7, mixed mode, tiered, compressed oops, g1 gc, windows-amd64)
# No core dump will be written. Minidumps are not enabled by default on client versions of Windows
#

---------------  S U M M A R Y ------------

Command Line: --module-path=C:\Users\morx9\Documents\LeuvenDigitalTwinPrototype\Studies\EV3Gui\main\JavaFX11\lib --add-modules=javafx.controls,javafx.fxml --illegal-access=warn main.jar

Host: Intel(R) Core(TM) i7-5500U CPU @ 2.40GHz, 4 cores, 7G,  Windows 10 , 64 bit Build 19041 (10.0.19041.5198)
Time: Fri Feb  7 22:04:50 2025 ora solare Europa occidentale elapsed time: 189.969156 seconds (0d 0h 3m 9s)

---------------  T H R E A D  ---------------

Current thread (0x00000253f8fcc000):  JavaThread "C2 CompilerThread0" daemon [_thread_in_native, id=11208, stack(0x0000009ace000000,0x0000009ace100000)]


Current CompileTask:
C2: 189970 3693       4       com.sun.prism.impl.shape.DMarlinPrismUtils::feedConsumer (874 bytes)

Stack: [0x0000009ace000000,0x0000009ace100000]
Native frames: (J=compiled Java code, j=interpreted, Vv=VM code, C=native code)
V  [jvm.dll+0x64fb5a]
V  [jvm.dll+0x7e3549]
V  [jvm.dll+0x7e4c49]
V  [jvm.dll+0x7e5333]
V  [jvm.dll+0x26afd5]
V  [jvm.dll+0xc1a5c]
V  [jvm.dll+0xc200c]
V  [jvm.dll+0x37b337]
V  [jvm.dll+0x1b3674]
V  [jvm.dll+0x222ecf]
V  [jvm.dll+0x221d88]
V  [jvm.dll+0x19e6c1]
V  [jvm.dll+0x231f59]
V  [jvm.dll+0x2300af]
V  [jvm.dll+0x7a48d0]
V  [jvm.dll+0x79d6e4]
V  [jvm.dll+0x64e915]
C  [ucrtbase.dll+0x21bb2]
C  [KERNEL32.DLL+0x17374]
C  [ntdll.dll+0x4cc91]


---------------  P R O C E S S  ---------------

Threads class SMR info:
_java_thread_list=0x0000025383dee120, length=33, elements={
0x00000253da7dc800, 0x00000253f8fbb000, 0x00000253f8fc4000, 0x00000253f8fb7800,
0x00000253f8fc7000, 0x00000253f8fca000, 0x00000253f8fcc000, 0x00000253f8fd0800,
0x00000253f994c000, 0x00000253f8f3c000, 0x00000253f9e4e800, 0x00000253f9ef0800,
0x00000253fa225000, 0x00000253f9f99000, 0x00000253fa102800, 0x00000253fa97b800,
0x00000253fa97d000, 0x00000253fa793800, 0x00000253faab9800, 0x00000253fa95d800,
0x00000253fa962000, 0x00000253fa95d000, 0x00000253fa961000, 0x00000253fa95e800,
0x00000253fa963800, 0x00000253fa95f800, 0x00000253fa960000, 0x00000253fa962800,
0x00000253846d4000, 0x00000253846d5800, 0x00000253846cf800, 0x00000253846d0800,
0x00000253846d4800
}

Java Threads: ( => current thread )
  0x00000253da7dc800 JavaThread "main" [_thread_blocked, id=7700, stack(0x0000009acd400000,0x0000009acd500000)]
  0x00000253f8fbb000 JavaThread "Reference Handler" daemon [_thread_blocked, id=16956, stack(0x0000009acdb00000,0x0000009acdc00000)]
  0x00000253f8fc4000 JavaThread "Finalizer" daemon [_thread_blocked, id=11108, stack(0x0000009acdc00000,0x0000009acdd00000)]
  0x00000253f8fb7800 JavaThread "Signal Dispatcher" daemon [_thread_blocked, id=3656, stack(0x0000009acdd00000,0x0000009acde00000)]
  0x00000253f8fc7000 JavaThread "Attach Listener" daemon [_thread_blocked, id=16800, stack(0x0000009acde00000,0x0000009acdf00000)]
  0x00000253f8fca000 JavaThread "Service Thread" daemon [_thread_blocked, id=11280, stack(0x0000009acdf00000,0x0000009ace000000)]
=>0x00000253f8fcc000 JavaThread "C2 CompilerThread0" daemon [_thread_in_native, id=11208, stack(0x0000009ace000000,0x0000009ace100000)]
  0x00000253f8fd0800 JavaThread "C1 CompilerThread0" daemon [_thread_blocked, id=6680, stack(0x0000009ace100000,0x0000009ace200000)]
  0x00000253f994c000 JavaThread "Sweeper thread" daemon [_thread_blocked, id=16912, stack(0x0000009ace200000,0x0000009ace300000)]
  0x00000253f8f3c000 JavaThread "Common-Cleaner" daemon [_thread_blocked, id=15400, stack(0x0000009ace300000,0x0000009ace400000)]
  0x00000253f9e4e800 JavaThread "QuantumRenderer-0" daemon [_thread_blocked, id=8752, stack(0x0000009ace500000,0x0000009ace600000)]
  0x00000253f9ef0800 JavaThread "InvokeLaterDispatcher" daemon [_thread_blocked, id=16528, stack(0x0000009ace800000,0x0000009ace900000)]
  0x00000253fa225000 JavaThread "JavaFX Application Thread" [_thread_in_native, id=1840, stack(0x0000009ace900000,0x0000009acea00000)]
  0x00000253f9f99000 JavaThread "Thread-1" daemon [_thread_in_native, id=11732, stack(0x0000009aced00000,0x0000009acee00000)]
  0x00000253fa102800 JavaThread "JavaFX-Launcher" [_thread_blocked, id=5352, stack(0x0000009acee00000,0x0000009acef00000)]
  0x00000253fa97b800 JavaThread "Prism Font Disposer" daemon [_thread_blocked, id=10556, stack(0x0000009acef00000,0x0000009acf000000)]
  0x00000253fa97d000 JavaThread "MQTT Rec: menu" [_thread_in_native, id=16172, stack(0x0000009acf200000,0x0000009acf300000)]
  0x00000253fa793800 JavaThread "MQTT Snd: menu" [_thread_blocked, id=8556, stack(0x0000009acf300000,0x0000009acf400000)]
  0x00000253faab9800 JavaThread "MQTT Call: menu" [_thread_blocked, id=7620, stack(0x0000009acf400000,0x0000009acf500000)]
  0x00000253fa95d800 JavaThread "Timer-0" [_thread_blocked, id=16736, stack(0x0000009acf100000,0x0000009acf200000)]
  0x00000253fa962000 JavaThread "MQTT Rec: GuiClient" [_thread_in_native, id=8388, stack(0x0000009acf600000,0x0000009acf700000)]
  0x00000253fa95d000 JavaThread "MQTT Snd: GuiClient" [_thread_blocked, id=16900, stack(0x0000009acf700000,0x0000009acf800000)]
  0x00000253fa961000 JavaThread "MQTT Call: GuiClient" [_thread_blocked, id=16688, stack(0x0000009acf800000,0x0000009acf900000)]
  0x00000253fa95e800 JavaThread "Timer-1" [_thread_blocked, id=2696, stack(0x0000009acf500000,0x0000009acf600000)]
  0x00000253fa963800 JavaThread "MQTT Rec: MotorAModel.Ev3@2ee35b40" [_thread_in_native, id=16640, stack(0x0000009acfa00000,0x0000009acfb00000)]
  0x00000253fa95f800 JavaThread "MQTT Snd: MotorAModel.Ev3@2ee35b40" [_thread_blocked, id=2300, stack(0x0000009acfb00000,0x0000009acfc00000)]
  0x00000253fa960000 JavaThread "MQTT Call: MotorAModel.Ev3@2ee35b40" [_thread_blocked, id=6852, stack(0x0000009acfc00000,0x0000009acfd00000)]
  0x00000253fa962800 JavaThread "Timer-2" [_thread_blocked, id=16776, stack(0x0000009acf900000,0x0000009acfa00000)]
  0x00000253846d4000 JavaThread "Cleaner-0" daemon [_thread_blocked, id=6984, stack(0x0000009ad0300000,0x0000009ad0400000)]
  0x00000253846d5800 JavaThread "MQTT Rec: outAModel.Ev3@65654bc6" [_thread_in_native, id=10704, stack(0x0000009ad0500000,0x0000009ad0600000)]
  0x00000253846cf800 JavaThread "MQTT Snd: outAModel.Ev3@65654bc6" [_thread_blocked, id=16972, stack(0x0000009ad0600000,0x0000009ad0700000)]
  0x00000253846d0800 JavaThread "MQTT Call: outAModel.Ev3@65654bc6" [_thread_blocked, id=9284, stack(0x0000009ad0700000,0x0000009ad0800000)]
  0x00000253846d4800 JavaThread "Timer-3" [_thread_blocked, id=16980, stack(0x0000009ad0400000,0x0000009ad0500000)]

Other Threads:
  0x00000253f8f84000 VMThread "VM Thread" [stack: 0x0000009acda00000,0x0000009acdb00000] [id=4828]
  0x00000253f9d2b800 WatcherThread [stack: 0x0000009ace400000,0x0000009ace500000] [id=16792]
  0x00000253da7f5000 GCTaskThread "GC Thread#0" [stack: 0x0000009acd500000,0x0000009acd600000] [id=8360]
  0x00000253fa0d1800 GCTaskThread "GC Thread#1" [stack: 0x0000009ace600000,0x0000009ace700000] [id=11800]
  0x00000253fa1b3000 GCTaskThread "GC Thread#2" [stack: 0x0000009ace700000,0x0000009ace800000] [id=9908]
  0x00000253fae89800 GCTaskThread "GC Thread#3" [stack: 0x0000009ad0000000,0x0000009ad0100000] [id=9400]
  0x00000253da826800 ConcurrentGCThread "G1 Main Marker" [stack: 0x0000009acd600000,0x0000009acd700000] [id=9308]
  0x00000253da829800 ConcurrentGCThread "G1 Conc#0" [stack: 0x0000009acd700000,0x0000009acd800000] [id=5428]
  0x00000253f8df0800 ConcurrentGCThread "G1 Refine#0" [stack: 0x0000009acd800000,0x0000009acd900000] [id=10944]
  0x00000253f8df1800 ConcurrentGCThread "G1 Young RemSet Sampling" [stack: 0x0000009acd900000,0x0000009acda00000] [id=17128]

Threads with active compile tasks:
C2 CompilerThread0   190040 3693       4       com.sun.prism.impl.shape.DMarlinPrismUtils::feedConsumer (874 bytes)

VM state:not at safepoint (normal execution)

VM Mutex/Monitor currently owned by a thread: None

Heap address: 0x0000000081400000, size: 2028 MB, Compressed Oops mode: 32-bit
Narrow klass base: 0x0000000000000000, Narrow klass shift: 3
Compressed class space size: 1073741824 Address: 0x0000000100000000

Heap:
 garbage-first heap   total 131072K, used 33436K [0x0000000081400000, 0x0000000100000000)
  region size 1024K, 32 young (32768K), 8 survivors (8192K)
 Metaspace       used 25418K, capacity 26215K, committed 26416K, reserved 1073152K
  class space    used 3051K, capacity 3408K, committed 3456K, reserved 1048576K
Heap Regions: E=young(eden), S=young(survivor), O=old, HS=humongous(starts), HC=humongous(continues), CS=collection set, F=free, A=archive, TAMS=top-at-mark-start (previous, next)
|   0|0x0000000081400000, 0x0000000081500000, 0x0000000081500000|100%|HS|  |TAMS 0x0000000081400000, 0x0000000081400000| Complete 
|   1|0x0000000081500000, 0x0000000081600000, 0x0000000081600000|100%|HC|  |TAMS 0x0000000081500000, 0x0000000081500000| Complete 
|   2|0x0000000081600000, 0x0000000081600000, 0x0000000081700000|  0%| F|  |TAMS 0x0000000081600000, 0x0000000081600000| Untracked 
|   3|0x0000000081700000, 0x0000000081700000, 0x0000000081800000|  0%| F|  |TAMS 0x0000000081700000, 0x0000000081700000| Untracked 
|   4|0x0000000081800000, 0x0000000081800000, 0x0000000081900000|  0%| F|  |TAMS 0x0000000081800000, 0x0000000081800000| Untracked 
|   5|0x0000000081900000, 0x0000000081900000, 0x0000000081a00000|  0%| F|  |TAMS 0x0000000081900000, 0x0000000081900000| Untracked 
|   6|0x0000000081a00000, 0x0000000081a00000, 0x0000000081b00000|  0%| F|  |TAMS 0x0000000081a00000, 0x0000000081a00000| Untracked 
|   7|0x0000000081b00000, 0x0000000081b00000, 0x0000000081c00000|  0%| F|  |TAMS 0x0000000081b00000, 0x0000000081b00000| Untracked 
|   8|0x0000000081c00000, 0x0000000081c00000, 0x0000000081d00000|  0%| F|  |TAMS 0x0000000081c00000, 0x0000000081c00000| Untracked 
|   9|0x0000000081d00000, 0x0000000081d00000, 0x0000000081e00000|  0%| F|  |TAMS 0x0000000081d00000, 0x0000000081d00000| Untracked 
|  10|0x0000000081e00000, 0x0000000081e00000, 0x0000000081f00000|  0%| F|  |TAMS 0x0000000081e00000, 0x0000000081e00000| Untracked 
|  11|0x0000000081f00000, 0x0000000081f00000, 0x0000000082000000|  0%| F|  |TAMS 0x0000000081f00000, 0x0000000081f00000| Untracked 
|  12|0x0000000082000000, 0x0000000082000000, 0x0000000082100000|  0%| F|  |TAMS 0x0000000082000000, 0x0000000082000000| Untracked 
|  13|0x0000000082100000, 0x0000000082100000, 0x0000000082200000|  0%| F|  |TAMS 0x0000000082100000, 0x0000000082100000| Untracked 
|  14|0x0000000082200000, 0x0000000082200000, 0x0000000082300000|  0%| F|  |TAMS 0x0000000082200000, 0x0000000082200000| Untracked 
|  15|0x0000000082300000, 0x0000000082300000, 0x0000000082400000|  0%| F|  |TAMS 0x0000000082300000, 0x0000000082300000| Untracked 
|  16|0x0000000082400000, 0x0000000082400000, 0x0000000082500000|  0%| F|  |TAMS 0x0000000082400000, 0x0000000082400000| Untracked 
|  17|0x0000000082500000, 0x0000000082500000, 0x0000000082600000|  0%| F|  |TAMS 0x0000000082500000, 0x0000000082500000| Untracked 
|  18|0x0000000082600000, 0x0000000082600000, 0x0000000082700000|  0%| F|  |TAMS 0x0000000082600000, 0x0000000082600000| Untracked 
|  19|0x0000000082700000, 0x0000000082700000, 0x0000000082800000|  0%| F|  |TAMS 0x0000000082700000, 0x0000000082700000| Untracked 
|  20|0x0000000082800000, 0x0000000082800000, 0x0000000082900000|  0%| F|  |TAMS 0x0000000082800000, 0x0000000082800000| Untracked 
|  21|0x0000000082900000, 0x0000000082900000, 0x0000000082a00000|  0%| F|  |TAMS 0x0000000082900000, 0x0000000082900000| Untracked 
|  22|0x0000000082a00000, 0x0000000082a00000, 0x0000000082b00000|  0%| F|  |TAMS 0x0000000082a00000, 0x0000000082a00000| Untracked 
|  23|0x0000000082b00000, 0x0000000082b00000, 0x0000000082c00000|  0%| F|  |TAMS 0x0000000082b00000, 0x0000000082b00000| Untracked 
|  24|0x0000000082c00000, 0x0000000082c00000, 0x0000000082d00000|  0%| F|  |TAMS 0x0000000082c00000, 0x0000000082c00000| Untracked 
|  25|0x0000000082d00000, 0x0000000082d00000, 0x0000000082e00000|  0%| F|  |TAMS 0x0000000082d00000, 0x0000000082d00000| Untracked 
|  26|0x0000000082e00000, 0x0000000082e00000, 0x0000000082f00000|  0%| F|  |TAMS 0x0000000082e00000, 0x0000000082e00000| Untracked 
|  27|0x0000000082f00000, 0x0000000082f00000, 0x0000000083000000|  0%| F|  |TAMS 0x0000000082f00000, 0x0000000082f00000| Untracked 
|  28|0x0000000083000000, 0x0000000083000000, 0x0000000083100000|  0%| F|  |TAMS 0x0000000083000000, 0x0000000083000000| Untracked 
|  29|0x0000000083100000, 0x0000000083100000, 0x0000000083200000|  0%| F|  |TAMS 0x0000000083100000, 0x0000000083100000| Untracked 
|  30|0x0000000083200000, 0x0000000083200000, 0x0000000083300000|  0%| F|  |TAMS 0x0000000083200000, 0x0000000083200000| Untracked 
|  31|0x0000000083300000, 0x0000000083300000, 0x0000000083400000|  0%| F|  |TAMS 0x0000000083300000, 0x0000000083300000| Untracked 
|  32|0x0000000083400000, 0x0000000083400000, 0x0000000083500000|  0%| F|  |TAMS 0x0000000083400000, 0x0000000083400000| Untracked 
|  33|0x0000000083500000, 0x0000000083500000, 0x0000000083600000|  0%| F|  |TAMS 0x0000000083500000, 0x0000000083500000| Untracked 
|  34|0x0000000083600000, 0x0000000083600000, 0x0000000083700000|  0%| F|  |TAMS 0x0000000083600000, 0x0000000083600000| Untracked 
|  35|0x0000000083700000, 0x0000000083700000, 0x0000000083800000|  0%| F|  |TAMS 0x0000000083700000, 0x0000000083700000| Untracked 
|  36|0x0000000083800000, 0x0000000083800000, 0x0000000083900000|  0%| F|  |TAMS 0x0000000083800000, 0x0000000083800000| Untracked 
|  37|0x0000000083900000, 0x0000000083900000, 0x0000000083a00000|  0%| F|  |TAMS 0x0000000083900000, 0x0000000083900000| Untracked 
|  38|0x0000000083a00000, 0x0000000083a00000, 0x0000000083b00000|  0%| F|  |TAMS 0x0000000083a00000, 0x0000000083a00000| Untracked 
|  39|0x0000000083b00000, 0x0000000083b00000, 0x0000000083c00000|  0%| F|  |TAMS 0x0000000083b00000, 0x0000000083b00000| Untracked 
|  40|0x0000000083c00000, 0x0000000083c00000, 0x0000000083d00000|  0%| F|  |TAMS 0x0000000083c00000, 0x0000000083c00000| Untracked 
|  41|0x0000000083d00000, 0x0000000083d00000, 0x0000000083e00000|  0%| F|  |TAMS 0x0000000083d00000, 0x0000000083d00000| Untracked 
|  42|0x0000000083e00000, 0x0000000083e00000, 0x0000000083f00000|  0%| F|  |TAMS 0x0000000083e00000, 0x0000000083e00000| Untracked 
|  43|0x0000000083f00000, 0x0000000083f00000, 0x0000000084000000|  0%| F|  |TAMS 0x0000000083f00000, 0x0000000083f00000| Untracked 
|  44|0x0000000084000000, 0x0000000084000000, 0x0000000084100000|  0%| F|  |TAMS 0x0000000084000000, 0x0000000084000000| Untracked 
|  45|0x0000000084100000, 0x0000000084100000, 0x0000000084200000|  0%| F|  |TAMS 0x0000000084100000, 0x0000000084100000| Untracked 
|  46|0x0000000084200000, 0x0000000084200000, 0x0000000084300000|  0%| F|  |TAMS 0x0000000084200000, 0x0000000084200000| Untracked 
|  47|0x0000000084300000, 0x0000000084300000, 0x0000000084400000|  0%| F|  |TAMS 0x0000000084300000, 0x0000000084300000| Untracked 
|  48|0x0000000084400000, 0x0000000084400000, 0x0000000084500000|  0%| F|  |TAMS 0x0000000084400000, 0x0000000084400000| Untracked 
|  49|0x0000000084500000, 0x0000000084500000, 0x0000000084600000|  0%| F|  |TAMS 0x0000000084500000, 0x0000000084500000| Untracked 
|  50|0x0000000084600000, 0x0000000084600000, 0x0000000084700000|  0%| F|  |TAMS 0x0000000084600000, 0x0000000084600000| Untracked 
|  51|0x0000000084700000, 0x0000000084700000, 0x0000000084800000|  0%| F|  |TAMS 0x0000000084700000, 0x0000000084700000| Untracked 
|  52|0x0000000084800000, 0x0000000084800000, 0x0000000084900000|  0%| F|  |TAMS 0x0000000084800000, 0x0000000084800000| Untracked 
|  53|0x0000000084900000, 0x0000000084900000, 0x0000000084a00000|  0%| F|  |TAMS 0x0000000084900000, 0x0000000084900000| Untracked 
|  54|0x0000000084a00000, 0x0000000084a00000, 0x0000000084b00000|  0%| F|  |TAMS 0x0000000084a00000, 0x0000000084a00000| Untracked 
|  55|0x0000000084b00000, 0x0000000084b00000, 0x0000000084c00000|  0%| F|  |TAMS 0x0000000084b00000, 0x0000000084b00000| Untracked 
|  56|0x0000000084c00000, 0x0000000084c00000, 0x0000000084d00000|  0%| F|  |TAMS 0x0000000084c00000, 0x0000000084c00000| Untracked 
|  57|0x0000000084d00000, 0x0000000084d00000, 0x0000000084e00000|  0%| F|  |TAMS 0x0000000084d00000, 0x0000000084d00000| Untracked 
|  58|0x0000000084e00000, 0x0000000084e00000, 0x0000000084f00000|  0%| F|  |TAMS 0x0000000084e00000, 0x0000000084e00000| Untracked 
|  59|0x0000000084f00000, 0x0000000084f00000, 0x0000000085000000|  0%| F|  |TAMS 0x0000000084f00000, 0x0000000084f00000| Untracked 
|  60|0x0000000085000000, 0x0000000085000000, 0x0000000085100000|  0%| F|  |TAMS 0x0000000085000000, 0x0000000085000000| Untracked 
|  61|0x0000000085100000, 0x0000000085100000, 0x0000000085200000|  0%| F|  |TAMS 0x0000000085100000, 0x0000000085100000| Untracked 
|  62|0x0000000085200000, 0x0000000085200000, 0x0000000085300000|  0%| F|  |TAMS 0x0000000085200000, 0x0000000085200000| Untracked 
|  63|0x0000000085300000, 0x0000000085300000, 0x0000000085400000|  0%| F|  |TAMS 0x0000000085300000, 0x0000000085300000| Untracked 
|  64|0x0000000085400000, 0x0000000085400000, 0x0000000085500000|  0%| F|  |TAMS 0x0000000085400000, 0x0000000085400000| Untracked 
|  65|0x0000000085500000, 0x0000000085500000, 0x0000000085600000|  0%| F|  |TAMS 0x0000000085500000, 0x0000000085500000| Untracked 
|  66|0x0000000085600000, 0x0000000085600000, 0x0000000085700000|  0%| F|  |TAMS 0x0000000085600000, 0x0000000085600000| Untracked 
|  67|0x0000000085700000, 0x0000000085700000, 0x0000000085800000|  0%| F|  |TAMS 0x0000000085700000, 0x0000000085700000| Untracked 
|  68|0x0000000085800000, 0x0000000085800000, 0x0000000085900000|  0%| F|  |TAMS 0x0000000085800000, 0x0000000085800000| Untracked 
|  69|0x0000000085900000, 0x0000000085900000, 0x0000000085a00000|  0%| F|  |TAMS 0x0000000085900000, 0x0000000085900000| Untracked 
|  70|0x0000000085a00000, 0x0000000085a00000, 0x0000000085b00000|  0%| F|  |TAMS 0x0000000085a00000, 0x0000000085a00000| Untracked 
|  71|0x0000000085b00000, 0x0000000085b00000, 0x0000000085c00000|  0%| F|  |TAMS 0x0000000085b00000, 0x0000000085b00000| Untracked 
|  72|0x0000000085c00000, 0x0000000085c00000, 0x0000000085d00000|  0%| F|  |TAMS 0x0000000085c00000, 0x0000000085c00000| Untracked 
|  73|0x0000000085d00000, 0x0000000085d00000, 0x0000000085e00000|  0%| F|  |TAMS 0x0000000085d00000, 0x0000000085d00000| Untracked 
|  74|0x0000000085e00000, 0x0000000085e00000, 0x0000000085f00000|  0%| F|  |TAMS 0x0000000085e00000, 0x0000000085e00000| Untracked 
|  75|0x0000000085f00000, 0x0000000085f00000, 0x0000000086000000|  0%| F|  |TAMS 0x0000000085f00000, 0x0000000085f00000| Untracked 
|  76|0x0000000086000000, 0x0000000086000000, 0x0000000086100000|  0%| F|  |TAMS 0x0000000086000000, 0x0000000086000000| Untracked 
|  77|0x0000000086100000, 0x0000000086100000, 0x0000000086200000|  0%| F|  |TAMS 0x0000000086100000, 0x0000000086100000| Untracked 
|  78|0x0000000086200000, 0x00000000862a73a0, 0x0000000086300000| 65%| S|CS|TAMS 0x0000000086200000, 0x0000000086200000| Complete 
|  79|0x0000000086300000, 0x0000000086400000, 0x0000000086400000|100%| S|CS|TAMS 0x0000000086300000, 0x0000000086300000| Complete 
|  80|0x0000000086400000, 0x0000000086500000, 0x0000000086500000|100%| S|CS|TAMS 0x0000000086400000, 0x0000000086400000| Complete 
|  81|0x0000000086500000, 0x0000000086600000, 0x0000000086600000|100%| S|CS|TAMS 0x0000000086500000, 0x0000000086500000| Complete 
|  82|0x0000000086600000, 0x0000000086700000, 0x0000000086700000|100%| S|CS|TAMS 0x0000000086600000, 0x0000000086600000| Complete 
|  83|0x0000000086700000, 0x0000000086800000, 0x0000000086800000|100%| S|CS|TAMS 0x0000000086700000, 0x0000000086700000| Complete 
|  84|0x0000000086800000, 0x0000000086900000, 0x0000000086900000|100%| S|CS|TAMS 0x0000000086800000, 0x0000000086800000| Complete 
|  85|0x0000000086900000, 0x0000000086a00000, 0x0000000086a00000|100%| S|CS|TAMS 0x0000000086900000, 0x0000000086900000| Complete 
|  86|0x0000000086a00000, 0x0000000086a00000, 0x0000000086b00000|  0%| F|  |TAMS 0x0000000086a00000, 0x0000000086a00000| Untracked 
|  87|0x0000000086b00000, 0x0000000086b00000, 0x0000000086c00000|  0%| F|  |TAMS 0x0000000086b00000, 0x0000000086b00000| Untracked 
|  88|0x0000000086c00000, 0x0000000086c00000, 0x0000000086d00000|  0%| F|  |TAMS 0x0000000086c00000, 0x0000000086c00000| Untracked 
|  89|0x0000000086d00000, 0x0000000086d00000, 0x0000000086e00000|  0%| F|  |TAMS 0x0000000086d00000, 0x0000000086d00000| Untracked 
|  90|0x0000000086e00000, 0x0000000086e00000, 0x0000000086f00000|  0%| F|  |TAMS 0x0000000086e00000, 0x0000000086e00000| Untracked 
|  91|0x0000000086f00000, 0x0000000086f00000, 0x0000000087000000|  0%| F|  |TAMS 0x0000000086f00000, 0x0000000086f00000| Untracked 
|  92|0x0000000087000000, 0x0000000087000000, 0x0000000087100000|  0%| F|  |TAMS 0x0000000087000000, 0x0000000087000000| Untracked 
|  93|0x0000000087100000, 0x0000000087100000, 0x0000000087200000|  0%| F|  |TAMS 0x0000000087100000, 0x0000000087100000| Untracked 
|  94|0x0000000087200000, 0x0000000087200000, 0x0000000087300000|  0%| F|  |TAMS 0x0000000087200000, 0x0000000087200000| Untracked 
|  95|0x0000000087300000, 0x0000000087300000, 0x0000000087400000|  0%| F|  |TAMS 0x0000000087300000, 0x0000000087300000| Untracked 
|  96|0x0000000087400000, 0x0000000087400000, 0x0000000087500000|  0%| F|  |TAMS 0x0000000087400000, 0x0000000087400000| Untracked 
|  97|0x0000000087500000, 0x0000000087500000, 0x0000000087600000|  0%| F|  |TAMS 0x0000000087500000, 0x0000000087500000| Untracked 
|  98|0x0000000087600000, 0x0000000087600000, 0x0000000087700000|  0%| F|  |TAMS 0x0000000087600000, 0x0000000087600000| Untracked 
|  99|0x0000000087700000, 0x0000000087700000, 0x0000000087800000|  0%| F|  |TAMS 0x0000000087700000, 0x0000000087700000| Untracked 
| 100|0x0000000087800000, 0x0000000087800000, 0x0000000087900000|  0%| F|  |TAMS 0x0000000087800000, 0x0000000087800000| Untracked 
| 101|0x0000000087900000, 0x0000000087900000, 0x0000000087a00000|  0%| F|  |TAMS 0x0000000087900000, 0x0000000087900000| Untracked 
| 102|0x0000000087a00000, 0x0000000087a00000, 0x0000000087b00000|  0%| F|  |TAMS 0x0000000087a00000, 0x0000000087a00000| Untracked 
| 103|0x0000000087b00000, 0x0000000087b00000, 0x0000000087c00000|  0%| F|  |TAMS 0x0000000087b00000, 0x0000000087b00000| Untracked 
| 104|0x0000000087c00000, 0x0000000087ce1f20, 0x0000000087d00000| 88%| E|  |TAMS 0x0000000087c00000, 0x0000000087c00000| Complete 
| 105|0x0000000087d00000, 0x0000000087e00000, 0x0000000087e00000|100%| E|CS|TAMS 0x0000000087d00000, 0x0000000087d00000| Complete 
| 106|0x0000000087e00000, 0x0000000087f00000, 0x0000000087f00000|100%| E|CS|TAMS 0x0000000087e00000, 0x0000000087e00000| Complete 
| 107|0x0000000087f00000, 0x0000000088000000, 0x0000000088000000|100%| E|CS|TAMS 0x0000000087f00000, 0x0000000087f00000| Complete 
| 108|0x0000000088000000, 0x0000000088100000, 0x0000000088100000|100%| E|CS|TAMS 0x0000000088000000, 0x0000000088000000| Complete 
| 109|0x0000000088100000, 0x0000000088200000, 0x0000000088200000|100%| E|CS|TAMS 0x0000000088100000, 0x0000000088100000| Complete 
| 110|0x0000000088200000, 0x0000000088300000, 0x0000000088300000|100%| E|CS|TAMS 0x0000000088200000, 0x0000000088200000| Complete 
| 111|0x0000000088300000, 0x0000000088400000, 0x0000000088400000|100%| E|CS|TAMS 0x0000000088300000, 0x0000000088300000| Complete 
| 112|0x0000000088400000, 0x0000000088500000, 0x0000000088500000|100%| E|CS|TAMS 0x0000000088400000, 0x0000000088400000| Complete 
| 113|0x0000000088500000, 0x0000000088600000, 0x0000000088600000|100%| E|CS|TAMS 0x0000000088500000, 0x0000000088500000| Complete 
| 114|0x0000000088600000, 0x0000000088700000, 0x0000000088700000|100%| E|CS|TAMS 0x0000000088600000, 0x0000000088600000| Complete 
| 115|0x0000000088700000, 0x0000000088800000, 0x0000000088800000|100%| E|CS|TAMS 0x0000000088700000, 0x0000000088700000| Complete 
| 116|0x0000000088800000, 0x0000000088900000, 0x0000000088900000|100%| E|CS|TAMS 0x0000000088800000, 0x0000000088800000| Complete 
| 117|0x0000000088900000, 0x0000000088a00000, 0x0000000088a00000|100%| E|CS|TAMS 0x0000000088900000, 0x0000000088900000| Complete 
| 118|0x0000000088a00000, 0x0000000088b00000, 0x0000000088b00000|100%| E|CS|TAMS 0x0000000088a00000, 0x0000000088a00000| Complete 
| 119|0x0000000088b00000, 0x0000000088c00000, 0x0000000088c00000|100%| E|CS|TAMS 0x0000000088b00000, 0x0000000088b00000| Complete 
| 120|0x0000000088c00000, 0x0000000088d00000, 0x0000000088d00000|100%| E|CS|TAMS 0x0000000088c00000, 0x0000000088c00000| Complete 
| 121|0x0000000088d00000, 0x0000000088e00000, 0x0000000088e00000|100%| E|CS|TAMS 0x0000000088d00000, 0x0000000088d00000| Complete 
| 122|0x0000000088e00000, 0x0000000088f00000, 0x0000000088f00000|100%| E|CS|TAMS 0x0000000088e00000, 0x0000000088e00000| Complete 
| 123|0x0000000088f00000, 0x0000000089000000, 0x0000000089000000|100%| E|CS|TAMS 0x0000000088f00000, 0x0000000088f00000| Complete 
| 124|0x0000000089000000, 0x0000000089100000, 0x0000000089100000|100%| E|CS|TAMS 0x0000000089000000, 0x0000000089000000| Complete 
| 125|0x0000000089100000, 0x0000000089200000, 0x0000000089200000|100%| E|CS|TAMS 0x0000000089100000, 0x0000000089100000| Complete 
| 126|0x0000000089200000, 0x0000000089300000, 0x0000000089300000|100%| E|CS|TAMS 0x0000000089200000, 0x0000000089200000| Complete 
| 127|0x0000000089300000, 0x0000000089400000, 0x0000000089400000|100%| E|CS|TAMS 0x0000000089300000, 0x0000000089300000| Complete 

Card table byte_map: [0x00000253f2350000,0x00000253f2750000] _byte_map_base: 0x00000253f1f46000

Marking Bits (Prev, Next): (CMBitMap*) 0x00000253da81d8b0, (CMBitMap*) 0x00000253da81d878
 Prev Bits: [0x00000253f4b00000, 0x00000253f6ab0000)
 Next Bits: [0x00000253f2b50000, 0x00000253f4b00000)

Polling page: 0x00000253d8600000

Metaspace:

Usage:
  Non-class:     22.27 MB capacity,    21.84 MB ( 98%) used,   343.95 KB (  2%) free+waste,    96.25 KB ( <1%) overhead. 
      Class:      3.33 MB capacity,     2.98 MB ( 90%) used,   307.67 KB (  9%) free+waste,    48.94 KB (  1%) overhead. 
       Both:     25.60 MB capacity,    24.82 MB ( 97%) used,   651.62 KB (  2%) free+waste,   145.19 KB ( <1%) overhead. 

Virtual space:
  Non-class space:       24.00 MB reserved,      22.42 MB ( 93%) committed 
      Class space:        1.00 GB reserved,       3.38 MB ( <1%) committed 
             Both:        1.02 GB reserved,      25.80 MB (  2%) committed 

Chunk freelists:
   Non-Class:  25.00 KB
       Class:  0 bytes
        Both:  25.00 KB

MaxMetaspaceSize: 17179869184.00 GB
CompressedClassSpaceSize: 1.00 GB
Initial GC threshold: 20.80 MB
Current GC threshold: 34.87 MB
CDS: off

CodeHeap 'non-profiled nmethods': size=120064Kb used=1633Kb max_used=1633Kb free=118431Kb
 bounds [0x00000253eaa10000, 0x00000253eac80000, 0x00000253f1f50000]
CodeHeap 'profiled nmethods': size=120000Kb used=7113Kb max_used=7113Kb free=112886Kb
 bounds [0x00000253e34e0000, 0x00000253e3be0000, 0x00000253eaa10000]
CodeHeap 'non-nmethods': size=5696Kb used=1436Kb max_used=1470Kb free=4259Kb
 bounds [0x00000253e2f50000, 0x00000253e31c0000, 0x00000253e34e0000]
 total_blobs=4465 nmethods=3687 adapters=688
 compilation: enabled
              stopped_count=0, restarted_count=0
 full_count=0

Compilation events (20 events):
Event: 93.621 Thread 0x00000253f8fd0800 nmethod 3683 0x00000253e3bd0090 code [0x00000253e3bd02a0, 0x00000253e3bd0c98]
Event: 130.421 Thread 0x00000253f8fd0800 3684  s    1       java.io.ByteArrayOutputStream::size (5 bytes)
Event: 130.421 Thread 0x00000253f8fd0800 nmethod 3684 0x00000253eaba7390 code [0x00000253eaba7540, 0x00000253eaba7758]
Event: 130.421 Thread 0x00000253f8fd0800 3685       1       org.eclipse.paho.client.mqttv3.internal.wire.MultiByteInteger::getValue (5 bytes)
Event: 130.421 Thread 0x00000253f8fd0800 nmethod 3685 0x00000253eaba7810 code [0x00000253eaba79c0, 0x00000253eaba7a78]
Event: 189.789 Thread 0x00000253f8fd0800 3686       3       java.util.ArrayDeque::removeFirst (19 bytes)
Event: 189.790 Thread 0x00000253f8fd0800 nmethod 3686 0x00000253e3bd0e90 code [0x00000253e3bd1060, 0x00000253e3bd1298]
Event: 189.878 Thread 0x00000253f8fd0800 3687       3       javafx.css.StyleConverter::getInsetsConverter (4 bytes)
Event: 189.881 Thread 0x00000253f8fd0800 nmethod 3687 0x00000253e3bd1390 code [0x00000253e3bd1540, 0x00000253e3bd1678]
Event: 189.886 Thread 0x00000253f8fd0800 3688       3       com.sun.javafx.css.BitSet::contains (63 bytes)
Event: 189.888 Thread 0x00000253f8fd0800 nmethod 3688 0x00000253e3bd1710 code [0x00000253e3bd1900, 0x00000253e3bd1dc8]
Event: 189.890 Thread 0x00000253f8fcc000 3689       4       com.sun.javafx.geom.transform.Translate2D::inverseTransform (48 bytes)
Event: 189.891 Thread 0x00000253f8fd0800 3690       3       com.sun.javafx.scene.control.inputmap.InputMap$Mapping::isDisabled (8 bytes)
Event: 189.894 Thread 0x00000253f8fcc000 nmethod 3689 0x00000253eaba7b10 code [0x00000253eaba7ca0, 0x00000253eaba7d58]
Event: 189.895 Thread 0x00000253f8fd0800 nmethod 3690 0x00000253e3bd1f90 code [0x00000253e3bd2160, 0x00000253e3bd2468]
Event: 189.895 Thread 0x00000253f8fcc000 3693       4       com.sun.prism.impl.shape.DMarlinPrismUtils::feedConsumer (874 bytes)
Event: 189.895 Thread 0x00000253f8fd0800 3692       1       javafx.util.Pair::getValue (5 bytes)
Event: 189.895 Thread 0x00000253f8fd0800 nmethod 3692 0x00000253eaba7e10 code [0x00000253eaba7fc0, 0x00000253eaba8078]
Event: 189.895 Thread 0x00000253f8fd0800 3691       1       javafx.util.Pair::getKey (5 bytes)
Event: 189.895 Thread 0x00000253f8fd0800 nmethod 3691 0x00000253eaba8110 code [0x00000253eaba82c0, 0x00000253eaba8378]

GC Heap History (4 events):
Event: 1.270 GC heap before
{Heap before GC invocations=0 (full 0):
 garbage-first heap   total 131072K, used 14336K [0x0000000081400000, 0x0000000100000000)
  region size 1024K, 14 young (14336K), 0 survivors (0K)
 Metaspace       used 8841K, capacity 9148K, committed 9216K, reserved 1056768K
  class space    used 872K, capacity 1017K, committed 1024K, reserved 1048576K
}
Event: 1.278 GC heap after
{Heap after GC invocations=1 (full 0):
 garbage-first heap   total 131072K, used 1878K [0x0000000081400000, 0x0000000100000000)
  region size 1024K, 2 young (2048K), 2 survivors (2048K)
 Metaspace       used 8841K, capacity 9148K, committed 9216K, reserved 1056768K
  class space    used 872K, capacity 1017K, committed 1024K, reserved 1048576K
}
Event: 7.022 GC heap before
{Heap before GC invocations=1 (full 0):
 garbage-first heap   total 131072K, used 40790K [0x0000000081400000, 0x0000000100000000)
  region size 1024K, 42 young (43008K), 2 survivors (2048K)
 Metaspace       used 20661K, capacity 21244K, committed 21296K, reserved 1069056K
  class space    used 2433K, capacity 2688K, committed 2688K, reserved 1048576K
}
Event: 7.039 GC heap after
{Heap after GC invocations=2 (full 0):
 garbage-first heap   total 131072K, used 7836K [0x0000000081400000, 0x0000000100000000)
  region size 1024K, 8 young (8192K), 8 survivors (8192K)
 Metaspace       used 20661K, capacity 21244K, committed 21296K, reserved 1069056K
  class space    used 2433K, capacity 2688K, committed 2688K, reserved 1048576K
}

Deoptimization events (20 events):
Event: 58.229 Thread 0x00000253f9e4e800 DEOPT PACKING pc=0x00000253eab692c4 sp=0x0000009ace5fdda0
Event: 58.230 Thread 0x00000253f9e4e800 DEOPT UNPACKING pc=0x00000253e2f9a1af sp=0x0000009ace5fdbc8 mode 2
Event: 58.230 Thread 0x00000253f9e4e800 Uncommon trap: trap_request=0xffffff4d fr.pc=0x00000253eab5fda4 relative=0x0000000000002aa4
Event: 58.230 Thread 0x00000253f9e4e800 Uncommon trap: reason=unstable_if action=reinterpret pc=0x00000253eab5fda4 method=com.sun.marlin.DRenderer._endRendering(IILcom/sun/marlin/MarlinAlphaConsumer;)V @ 1978 c2
Event: 58.260 Thread 0x00000253f9e4e800 DEOPT PACKING pc=0x00000253eab5fda4 sp=0x0000009ace5fdd20
Event: 58.260 Thread 0x00000253f9e4e800 DEOPT UNPACKING pc=0x00000253e2f9a1af sp=0x0000009ace5fdbc8 mode 2
Event: 58.349 Thread 0x00000253f9e4e800 DEOPT PACKING pc=0x00000253e3b81e58 sp=0x0000009ace5fdcb0
Event: 58.349 Thread 0x00000253f9e4e800 DEOPT UNPACKING pc=0x00000253e2f9a95e sp=0x0000009ace5fd0c8 mode 0
Event: 58.396 Thread 0x00000253f9e4e800 DEOPT PACKING pc=0x00000253e3b81e58 sp=0x0000009ace5fd810
Event: 58.396 Thread 0x00000253f9e4e800 DEOPT UNPACKING pc=0x00000253e2f9a95e sp=0x0000009ace5fcc28 mode 0
Event: 58.410 Thread 0x00000253f9e4e800 DEOPT PACKING pc=0x00000253e3b81e58 sp=0x0000009ace5fdcb0
Event: 58.410 Thread 0x00000253f9e4e800 DEOPT UNPACKING pc=0x00000253e2f9a95e sp=0x0000009ace5fd0c8 mode 0
Event: 58.412 Thread 0x00000253f9e4e800 DEOPT PACKING pc=0x00000253e3b81e58 sp=0x0000009ace5fdcb0
Event: 58.412 Thread 0x00000253f9e4e800 DEOPT UNPACKING pc=0x00000253e2f9a95e sp=0x0000009ace5fd0c8 mode 0
Event: 58.430 Thread 0x00000253f9e4e800 DEOPT PACKING pc=0x00000253e3b81e58 sp=0x0000009ace5fdcb0
Event: 58.430 Thread 0x00000253f9e4e800 DEOPT UNPACKING pc=0x00000253e2f9a95e sp=0x0000009ace5fd0c8 mode 0
Event: 58.432 Thread 0x00000253f9e4e800 DEOPT PACKING pc=0x00000253e3b81e58 sp=0x0000009ace5fdcb0
Event: 58.432 Thread 0x00000253f9e4e800 DEOPT UNPACKING pc=0x00000253e2f9a95e sp=0x0000009ace5fd0c8 mode 0
Event: 58.436 Thread 0x00000253f9e4e800 DEOPT PACKING pc=0x00000253e3b81e58 sp=0x0000009ace5fdcb0
Event: 58.436 Thread 0x00000253f9e4e800 DEOPT UNPACKING pc=0x00000253e2f9a95e sp=0x0000009ace5fd0c8 mode 0

Classes redefined (0 events):
No events

Internal exceptions (20 events):
Event: 185.458 Thread 0x00000253fa97d000 Exception <a 'java/net/SocketTimeoutException'{0x0000000087c3ed48}: Read timed out> (0x0000000087c3ed48) thrown at [s\src\hotspot\share\prims\jni.cpp, line 638]
Event: 185.522 Thread 0x00000253fa962000 Exception <a 'java/net/SocketTimeoutException'{0x0000000087c5f830}: Read timed out> (0x0000000087c5f830) thrown at [s\src\hotspot\share\prims\jni.cpp, line 638]
Event: 185.597 Thread 0x00000253846d5800 Exception <a 'java/net/SocketTimeoutException'{0x0000000087c12810}: Read timed out> (0x0000000087c12810) thrown at [s\src\hotspot\share\prims\jni.cpp, line 638]
Event: 185.600 Thread 0x00000253fa963800 Exception <a 'java/net/SocketTimeoutException'{0x0000000087c1ddf8}: Read timed out> (0x0000000087c1ddf8) thrown at [s\src\hotspot\share\prims\jni.cpp, line 638]
Event: 186.458 Thread 0x00000253fa97d000 Exception <a 'java/net/SocketTimeoutException'{0x0000000087c3f068}: Read timed out> (0x0000000087c3f068) thrown at [s\src\hotspot\share\prims\jni.cpp, line 638]
Event: 186.523 Thread 0x00000253fa962000 Exception <a 'java/net/SocketTimeoutException'{0x0000000087c5fb50}: Read timed out> (0x0000000087c5fb50) thrown at [s\src\hotspot\share\prims\jni.cpp, line 638]
Event: 186.597 Thread 0x00000253846d5800 Exception <a 'java/net/SocketTimeoutException'{0x0000000087c12b30}: Read timed out> (0x0000000087c12b30) thrown at [s\src\hotspot\share\prims\jni.cpp, line 638]
Event: 186.600 Thread 0x00000253fa963800 Exception <a 'java/net/SocketTimeoutException'{0x0000000087c1e118}: Read timed out> (0x0000000087c1e118) thrown at [s\src\hotspot\share\prims\jni.cpp, line 638]
Event: 187.459 Thread 0x00000253fa97d000 Exception <a 'java/net/SocketTimeoutException'{0x0000000087c3f388}: Read timed out> (0x0000000087c3f388) thrown at [s\src\hotspot\share\prims\jni.cpp, line 638]
Event: 187.523 Thread 0x00000253fa962000 Exception <a 'java/net/SocketTimeoutException'{0x0000000087c5fe70}: Read timed out> (0x0000000087c5fe70) thrown at [s\src\hotspot\share\prims\jni.cpp, line 638]
Event: 187.597 Thread 0x00000253846d5800 Exception <a 'java/net/SocketTimeoutException'{0x0000000087c12e50}: Read timed out> (0x0000000087c12e50) thrown at [s\src\hotspot\share\prims\jni.cpp, line 638]
Event: 187.601 Thread 0x00000253fa963800 Exception <a 'java/net/SocketTimeoutException'{0x0000000087c1e438}: Read timed out> (0x0000000087c1e438) thrown at [s\src\hotspot\share\prims\jni.cpp, line 638]
Event: 188.460 Thread 0x00000253fa97d000 Exception <a 'java/net/SocketTimeoutException'{0x0000000087c3f6a8}: Read timed out> (0x0000000087c3f6a8) thrown at [s\src\hotspot\share\prims\jni.cpp, line 638]
Event: 188.524 Thread 0x00000253fa962000 Exception <a 'java/net/SocketTimeoutException'{0x0000000087c60190}: Read timed out> (0x0000000087c60190) thrown at [s\src\hotspot\share\prims\jni.cpp, line 638]
Event: 188.597 Thread 0x00000253846d5800 Exception <a 'java/net/SocketTimeoutException'{0x0000000087c13170}: Read timed out> (0x0000000087c13170) thrown at [s\src\hotspot\share\prims\jni.cpp, line 638]
Event: 188.601 Thread 0x00000253fa963800 Exception <a 'java/net/SocketTimeoutException'{0x0000000087c1e758}: Read timed out> (0x0000000087c1e758) thrown at [s\src\hotspot\share\prims\jni.cpp, line 638]
Event: 189.460 Thread 0x00000253fa97d000 Exception <a 'java/net/SocketTimeoutException'{0x0000000087c3f9c8}: Read timed out> (0x0000000087c3f9c8) thrown at [s\src\hotspot\share\prims\jni.cpp, line 638]
Event: 189.524 Thread 0x00000253fa962000 Exception <a 'java/net/SocketTimeoutException'{0x0000000087c604b0}: Read timed out> (0x0000000087c604b0) thrown at [s\src\hotspot\share\prims\jni.cpp, line 638]
Event: 189.598 Thread 0x00000253846d5800 Exception <a 'java/net/SocketTimeoutException'{0x0000000087c13490}: Read timed out> (0x0000000087c13490) thrown at [s\src\hotspot\share\prims\jni.cpp, line 638]
Event: 189.602 Thread 0x00000253fa963800 Exception <a 'java/net/SocketTimeoutException'{0x0000000087c1ea78}: Read timed out> (0x0000000087c1ea78) thrown at [s\src\hotspot\share\prims\jni.cpp, line 638]

Events (20 events):
Event: 20.277 loading class java/text/StringCharacterIterator
Event: 20.277 loading class java/text/StringCharacterIterator done
Event: 20.278 loading class org/json/simple/JSONObject
Event: 20.278 loading class org/json/simple/JSONObject done
Event: 20.279 Executing VM operation: RevokeBias
Event: 20.279 Executing VM operation: RevokeBias done
Event: 20.286 Executing VM operation: RevokeBias
Event: 20.286 Executing VM operation: RevokeBias done
Event: 20.289 Executing VM operation: RevokeBias
Event: 20.289 Executing VM operation: RevokeBias done
Event: 20.291 Executing VM operation: RevokeBias
Event: 20.292 Executing coalesced safepoint VM operation: RevokeBias
Event: 20.292 Executing coalesced safepoint VM operation: RevokeBias done
Event: 20.292 Executing VM operation: RevokeBias done
Event: 36.756 Loaded shared library C:\Program Files\Eclipse Adoptium\jdk-11.0.19.7-hotspot\bin\java.dll
Event: 58.288 Loaded shared library C:\Users\morx9\Documents\LeuvenDigitalTwinPrototype\Studies\EV3Gui\main\JavaFX11\bin\prism_d3d.dll
Event: 58.337 Loaded shared library C:\Users\morx9\Documents\LeuvenDigitalTwinPrototype\Studies\EV3Gui\main\JavaFX11\bin\prism_d3d.dll
Event: 63.509 Loaded shared library C:\Program Files\Eclipse Adoptium\jdk-11.0.19.7-hotspot\bin\net.dll
Event: 76.478 Executing VM operation: RevokeBias
Event: 76.478 Executing VM operation: RevokeBias done


Dynamic libraries:
0x00007ff64f430000 - 0x00007ff64f43e000 	C:\Program Files\Eclipse Adoptium\jdk-11.0.19.7-hotspot\bin\java.exe
0x00007ffdeca90000 - 0x00007ffdecc88000 	C:\Windows\SYSTEM32\ntdll.dll
0x00007ffdebdf0000 - 0x00007ffdebeb2000 	C:\Windows\System32\KERNEL32.DLL
0x00007ffdea420000 - 0x00007ffdea71f000 	C:\Windows\System32\KERNELBASE.dll
0x00007ffdea840000 - 0x00007ffdea940000 	C:\Windows\System32\ucrtbase.dll
0x00007ffd2e530000 - 0x00007ffd2e548000 	C:\Program Files\Eclipse Adoptium\jdk-11.0.19.7-hotspot\bin\jli.dll
0x00007ffdebfa0000 - 0x00007ffdec13d000 	C:\Windows\System32\USER32.dll
0x00007ffdea290000 - 0x00007ffdea2b2000 	C:\Windows\System32\win32u.dll
0x00007ffd2e510000 - 0x00007ffd2e529000 	C:\Program Files\Eclipse Adoptium\jdk-11.0.19.7-hotspot\bin\VCRUNTIME140.dll
0x00007ffdeaad0000 - 0x00007ffdeaafb000 	C:\Windows\System32\GDI32.dll
0x00007ffdea720000 - 0x00007ffdea837000 	C:\Windows\System32\gdi32full.dll
0x00007ffdd8c10000 - 0x00007ffdd8eaa000 	C:\Windows\WinSxS\amd64_microsoft.windows.common-controls_6595b64144ccf1df_6.0.19041.4355_none_60b8b9eb71f62e16\COMCTL32.dll
0x00007ffdea380000 - 0x00007ffdea41d000 	C:\Windows\System32\msvcp_win.dll
0x00007ffdec9b0000 - 0x00007ffdeca4e000 	C:\Windows\System32\msvcrt.dll
0x00007ffdeadd0000 - 0x00007ffdeadff000 	C:\Windows\System32\IMM32.DLL
0x00007ffd2e500000 - 0x00007ffd2e50c000 	C:\Program Files\Eclipse Adoptium\jdk-11.0.19.7-hotspot\bin\vcruntime140_1.dll
0x00007ffd22300000 - 0x00007ffd22391000 	C:\Program Files\Eclipse Adoptium\jdk-11.0.19.7-hotspot\bin\msvcp140.dll
0x00007ffd210e0000 - 0x00007ffd21c9c000 	C:\Program Files\Eclipse Adoptium\jdk-11.0.19.7-hotspot\bin\server\jvm.dll
0x00007ffdeb970000 - 0x00007ffdeba21000 	C:\Windows\System32\ADVAPI32.dll
0x00007ffdeab00000 - 0x00007ffdeab9f000 	C:\Windows\System32\sechost.dll
0x00007ffdeb060000 - 0x00007ffdeb183000 	C:\Windows\System32\RPCRT4.dll
0x00007ffdea1d0000 - 0x00007ffdea1f7000 	C:\Windows\System32\bcrypt.dll
0x00007ffdeb050000 - 0x00007ffdeb058000 	C:\Windows\System32\PSAPI.DLL
0x00007ffdcf720000 - 0x00007ffdcf729000 	C:\Windows\SYSTEM32\WSOCK32.dll
0x00007ffdd4070000 - 0x00007ffdd4097000 	C:\Windows\SYSTEM32\WINMM.dll
0x00007ffdeb900000 - 0x00007ffdeb96b000 	C:\Windows\System32\WS2_32.dll
0x00007ffdda320000 - 0x00007ffdda32a000 	C:\Windows\SYSTEM32\VERSION.dll
0x00007ffde8900000 - 0x00007ffde8912000 	C:\Windows\SYSTEM32\kernel.appcore.dll
0x00007ffd2e4f0000 - 0x00007ffd2e500000 	C:\Program Files\Eclipse Adoptium\jdk-11.0.19.7-hotspot\bin\verify.dll
0x00007ffde86f0000 - 0x00007ffde88d4000 	C:\Windows\SYSTEM32\DBGHELP.DLL
0x00007ffddd4e0000 - 0x00007ffddd514000 	C:\Windows\SYSTEM32\dbgcore.DLL
0x00007ffdea200000 - 0x00007ffdea282000 	C:\Windows\System32\bcryptPrimitives.dll
0x00007ffd222d0000 - 0x00007ffd222f8000 	C:\Program Files\Eclipse Adoptium\jdk-11.0.19.7-hotspot\bin\java.dll
0x00007ffd26e70000 - 0x00007ffd26e7a000 	C:\Program Files\Eclipse Adoptium\jdk-11.0.19.7-hotspot\bin\jimage.dll
0x00007ffd210c0000 - 0x00007ffd210d8000 	C:\Program Files\Eclipse Adoptium\jdk-11.0.19.7-hotspot\bin\zip.dll
0x00007ffdeb190000 - 0x00007ffdeb8fe000 	C:\Windows\System32\SHELL32.dll
0x00007ffde7e70000 - 0x00007ffde8614000 	C:\Windows\SYSTEM32\windows.storage.dll
0x00007ffdeba30000 - 0x00007ffdebd85000 	C:\Windows\System32\combase.dll
0x00007ffde9a70000 - 0x00007ffde9a9f000 	C:\Windows\SYSTEM32\Wldp.dll
0x00007ffdeae60000 - 0x00007ffdeaf2d000 	C:\Windows\System32\OLEAUT32.dll
0x00007ffdec900000 - 0x00007ffdec9ad000 	C:\Windows\System32\SHCORE.dll
0x00007ffdec6f0000 - 0x00007ffdec745000 	C:\Windows\System32\shlwapi.dll
0x00007ffdea050000 - 0x00007ffdea074000 	C:\Windows\SYSTEM32\profapi.dll
0x00007ffd210a0000 - 0x00007ffd210b9000 	C:\Program Files\Eclipse Adoptium\jdk-11.0.19.7-hotspot\bin\net.dll
0x00007ffde38a0000 - 0x00007ffde39ad000 	C:\Windows\SYSTEM32\WINHTTP.dll
0x00007ffde9850000 - 0x00007ffde98ba000 	C:\Windows\system32\mswsock.dll
0x00007ffd21080000 - 0x00007ffd21093000 	C:\Program Files\Eclipse Adoptium\jdk-11.0.19.7-hotspot\bin\nio.dll
0x00000253da740000 - 0x00000253da743000 	C:\Users\morx9\Documents\LeuvenDigitalTwinPrototype\Studies\EV3Gui\main\JavaFX11\bin\api-ms-win-core-console-l1-1-0.dll
0x00000253da750000 - 0x00000253da753000 	C:\Users\morx9\Documents\LeuvenDigitalTwinPrototype\Studies\EV3Gui\main\JavaFX11\bin\api-ms-win-core-datetime-l1-1-0.dll
0x00000253da760000 - 0x00000253da763000 	C:\Users\morx9\Documents\LeuvenDigitalTwinPrototype\Studies\EV3Gui\main\JavaFX11\bin\api-ms-win-core-debug-l1-1-0.dll
0x00000253da770000 - 0x00000253da773000 	C:\Users\morx9\Documents\LeuvenDigitalTwinPrototype\Studies\EV3Gui\main\JavaFX11\bin\api-ms-win-core-errorhandling-l1-1-0.dll
0x00000253da780000 - 0x00000253da784000 	C:\Users\morx9\Documents\LeuvenDigitalTwinPrototype\Studies\EV3Gui\main\JavaFX11\bin\api-ms-win-core-file-l1-1-0.dll
0x00000253da790000 - 0x00000253da793000 	C:\Users\morx9\Documents\LeuvenDigitalTwinPrototype\Studies\EV3Gui\main\JavaFX11\bin\api-ms-win-core-file-l1-2-0.dll
0x00000253da7a0000 - 0x00000253da7a3000 	C:\Users\morx9\Documents\LeuvenDigitalTwinPrototype\Studies\EV3Gui\main\JavaFX11\bin\api-ms-win-core-file-l2-1-0.dll
0x00000253fa500000 - 0x00000253fa503000 	C:\Users\morx9\Documents\LeuvenDigitalTwinPrototype\Studies\EV3Gui\main\JavaFX11\bin\api-ms-win-core-handle-l1-1-0.dll
0x00000253fa510000 - 0x00000253fa513000 	C:\Users\morx9\Documents\LeuvenDigitalTwinPrototype\Studies\EV3Gui\main\JavaFX11\bin\api-ms-win-core-heap-l1-1-0.dll
0x00000253fa520000 - 0x00000253fa523000 	C:\Users\morx9\Documents\LeuvenDigitalTwinPrototype\Studies\EV3Gui\main\JavaFX11\bin\api-ms-win-core-interlocked-l1-1-0.dll
0x00000253fa530000 - 0x00000253fa533000 	C:\Users\morx9\Documents\LeuvenDigitalTwinPrototype\Studies\EV3Gui\main\JavaFX11\bin\api-ms-win-core-libraryloader-l1-1-0.dll
0x00000253fa540000 - 0x00000253fa543000 	C:\Users\morx9\Documents\LeuvenDigitalTwinPrototype\Studies\EV3Gui\main\JavaFX11\bin\api-ms-win-core-localization-l1-2-0.dll
0x00000253fa550000 - 0x00000253fa553000 	C:\Users\morx9\Documents\LeuvenDigitalTwinPrototype\Studies\EV3Gui\main\JavaFX11\bin\api-ms-win-core-memory-l1-1-0.dll
0x00000253fa560000 - 0x00000253fa563000 	C:\Users\morx9\Documents\LeuvenDigitalTwinPrototype\Studies\EV3Gui\main\JavaFX11\bin\api-ms-win-core-namedpipe-l1-1-0.dll
0x00000253fa570000 - 0x00000253fa573000 	C:\Users\morx9\Documents\LeuvenDigitalTwinPrototype\Studies\EV3Gui\main\JavaFX11\bin\api-ms-win-core-processenvironment-l1-1-0.dll
0x00000253fa580000 - 0x00000253fa583000 	C:\Users\morx9\Documents\LeuvenDigitalTwinPrototype\Studies\EV3Gui\main\JavaFX11\bin\api-ms-win-core-processthreads-l1-1-0.dll
0x00000253fa590000 - 0x00000253fa593000 	C:\Users\morx9\Documents\LeuvenDigitalTwinPrototype\Studies\EV3Gui\main\JavaFX11\bin\api-ms-win-core-processthreads-l1-1-1.dll
0x00000253fa5a0000 - 0x00000253fa5a3000 	C:\Users\morx9\Documents\LeuvenDigitalTwinPrototype\Studies\EV3Gui\main\JavaFX11\bin\api-ms-win-core-profile-l1-1-0.dll
0x00000253fa5b0000 - 0x00000253fa5b3000 	C:\Users\morx9\Documents\LeuvenDigitalTwinPrototype\Studies\EV3Gui\main\JavaFX11\bin\api-ms-win-core-rtlsupport-l1-1-0.dll
0x00000253fa5c0000 - 0x00000253fa5c3000 	C:\Users\morx9\Documents\LeuvenDigitalTwinPrototype\Studies\EV3Gui\main\JavaFX11\bin\api-ms-win-core-string-l1-1-0.dll
0x00000253fa5d0000 - 0x00000253fa5d3000 	C:\Users\morx9\Documents\LeuvenDigitalTwinPrototype\Studies\EV3Gui\main\JavaFX11\bin\api-ms-win-core-synch-l1-1-0.dll
0x00000253fa5e0000 - 0x00000253fa5e3000 	C:\Users\morx9\Documents\LeuvenDigitalTwinPrototype\Studies\EV3Gui\main\JavaFX11\bin\api-ms-win-core-synch-l1-2-0.dll
0x00000253fa5f0000 - 0x00000253fa5f3000 	C:\Users\morx9\Documents\LeuvenDigitalTwinPrototype\Studies\EV3Gui\main\JavaFX11\bin\api-ms-win-core-sysinfo-l1-1-0.dll
0x00000253fa600000 - 0x00000253fa603000 	C:\Users\morx9\Documents\LeuvenDigitalTwinPrototype\Studies\EV3Gui\main\JavaFX11\bin\api-ms-win-core-timezone-l1-1-0.dll
0x00000253fa610000 - 0x00000253fa613000 	C:\Users\morx9\Documents\LeuvenDigitalTwinPrototype\Studies\EV3Gui\main\JavaFX11\bin\api-ms-win-core-util-l1-1-0.dll
0x00000253fa620000 - 0x00000253fa623000 	C:\Users\morx9\Documents\LeuvenDigitalTwinPrototype\Studies\EV3Gui\main\JavaFX11\bin\api-ms-win-crt-conio-l1-1-0.dll
0x00000253fa630000 - 0x00000253fa634000 	C:\Users\morx9\Documents\LeuvenDigitalTwinPrototype\Studies\EV3Gui\main\JavaFX11\bin\api-ms-win-crt-convert-l1-1-0.dll
0x00000253fa640000 - 0x00000253fa643000 	C:\Users\morx9\Documents\LeuvenDigitalTwinPrototype\Studies\EV3Gui\main\JavaFX11\bin\api-ms-win-crt-environment-l1-1-0.dll
0x00000253fa650000 - 0x00000253fa653000 	C:\Users\morx9\Documents\LeuvenDigitalTwinPrototype\Studies\EV3Gui\main\JavaFX11\bin\api-ms-win-crt-filesystem-l1-1-0.dll
0x00000253fa660000 - 0x00000253fa663000 	C:\Users\morx9\Documents\LeuvenDigitalTwinPrototype\Studies\EV3Gui\main\JavaFX11\bin\api-ms-win-crt-heap-l1-1-0.dll
0x00000253fa670000 - 0x00000253fa673000 	C:\Users\morx9\Documents\LeuvenDigitalTwinPrototype\Studies\EV3Gui\main\JavaFX11\bin\api-ms-win-crt-locale-l1-1-0.dll
0x00000253fa680000 - 0x00000253fa685000 	C:\Users\morx9\Documents\LeuvenDigitalTwinPrototype\Studies\EV3Gui\main\JavaFX11\bin\api-ms-win-crt-math-l1-1-0.dll
0x00000253fa690000 - 0x00000253fa695000 	C:\Users\morx9\Documents\LeuvenDigitalTwinPrototype\Studies\EV3Gui\main\JavaFX11\bin\api-ms-win-crt-multibyte-l1-1-0.dll
0x00000253fa6a0000 - 0x00000253fa6b0000 	C:\Users\morx9\Documents\LeuvenDigitalTwinPrototype\Studies\EV3Gui\main\JavaFX11\bin\api-ms-win-crt-private-l1-1-0.dll
0x00000253fa6b0000 - 0x00000253fa6b3000 	C:\Users\morx9\Documents\LeuvenDigitalTwinPrototype\Studies\EV3Gui\main\JavaFX11\bin\api-ms-win-crt-process-l1-1-0.dll
0x00000253fa6c0000 - 0x00000253fa6c4000 	C:\Users\morx9\Documents\LeuvenDigitalTwinPrototype\Studies\EV3Gui\main\JavaFX11\bin\api-ms-win-crt-runtime-l1-1-0.dll
0x00000253fa6d0000 - 0x00000253fa6d4000 	C:\Users\morx9\Documents\LeuvenDigitalTwinPrototype\Studies\EV3Gui\main\JavaFX11\bin\api-ms-win-crt-stdio-l1-1-0.dll
0x00000253fa6e0000 - 0x00000253fa6e4000 	C:\Users\morx9\Documents\LeuvenDigitalTwinPrototype\Studies\EV3Gui\main\JavaFX11\bin\api-ms-win-crt-string-l1-1-0.dll
0x00000253fa6f0000 - 0x00000253fa6f3000 	C:\Users\morx9\Documents\LeuvenDigitalTwinPrototype\Studies\EV3Gui\main\JavaFX11\bin\api-ms-win-crt-time-l1-1-0.dll
0x00000253fa700000 - 0x00000253fa703000 	C:\Users\morx9\Documents\LeuvenDigitalTwinPrototype\Studies\EV3Gui\main\JavaFX11\bin\api-ms-win-crt-utility-l1-1-0.dll
0x00007ffd20f80000 - 0x00007ffd2107a000 	C:\Users\morx9\Documents\LeuvenDigitalTwinPrototype\Studies\EV3Gui\main\JavaFX11\bin\ucrtbase.dll
0x00007ffd20f60000 - 0x00007ffd20f76000 	C:\Users\morx9\Documents\LeuvenDigitalTwinPrototype\Studies\EV3Gui\main\JavaFX11\bin\vcruntime140.dll
0x00007ffd20eb0000 - 0x00007ffd20f56000 	C:\Users\morx9\Documents\LeuvenDigitalTwinPrototype\Studies\EV3Gui\main\JavaFX11\bin\msvcp140.dll
0x00007ffd20e50000 - 0x00007ffd20ea1000 	C:\Users\morx9\Documents\LeuvenDigitalTwinPrototype\Studies\EV3Gui\main\JavaFX11\bin\concrt140.dll
0x00007ffd20e20000 - 0x00007ffd20e43000 	C:\Users\morx9\Documents\LeuvenDigitalTwinPrototype\Studies\EV3Gui\main\JavaFX11\bin\prism_d3d.dll
0x00007ffdb60e0000 - 0x00007ffdb62b1000 	C:\Windows\system32\d3d9.dll
0x00007ffde7920000 - 0x00007ffde794f000 	C:\Windows\SYSTEM32\dwmapi.dll
0x00007ffde7690000 - 0x00007ffde772e000 	C:\Windows\system32\uxtheme.dll
0x00007ffd60b30000 - 0x00007ffd6306e000 	C:\Windows\SYSTEM32\igdumdim64.dll
0x00007ffdeaca0000 - 0x00007ffdeadcb000 	C:\Windows\System32\ole32.dll
0x00007ffdec140000 - 0x00007ffdec5b1000 	C:\Windows\System32\SETUPAPI.dll
0x00007ffdea330000 - 0x00007ffdea37e000 	C:\Windows\System32\cfgmgr32.dll
0x00007ffd20dd0000 - 0x00007ffd20e15000 	C:\Users\morx9\Documents\LeuvenDigitalTwinPrototype\Studies\EV3Gui\main\JavaFX11\bin\glass.dll
0x00007ffdebec0000 - 0x00007ffdebf9a000 	C:\Windows\System32\COMDLG32.dll
0x00007ffdeaf30000 - 0x00007ffdeb045000 	C:\Windows\System32\MSCTF.dll
0x00007ffdddf20000 - 0x00007ffdde960000 	C:\Windows\SYSTEM32\igdusc64.dll
0x00007ffddfd10000 - 0x00007ffddfd4b000 	C:\Windows\SYSTEM32\dxcore.dll
0x00007ffd20db0000 - 0x00007ffd20dc4000 	C:\Users\morx9\Documents\LeuvenDigitalTwinPrototype\Studies\EV3Gui\main\JavaFX11\bin\javafx_font.dll
0x00007ffdd9bd0000 - 0x00007ffdd9e4f000 	C:\Windows\SYSTEM32\dwrite.dll
0x00007ffde9550000 - 0x00007ffde961a000 	C:\Windows\SYSTEM32\DNSAPI.dll
0x00007ffde9500000 - 0x00007ffde953b000 	C:\Windows\SYSTEM32\IPHLPAPI.DLL
0x00007ffdeac90000 - 0x00007ffdeac98000 	C:\Windows\System32\NSI.dll
0x00007ffde2760000 - 0x00007ffde276a000 	C:\Windows\System32\rasadhlp.dll
0x00007ffdddea0000 - 0x00007ffdddf20000 	C:\Windows\System32\fwpuclnt.dll
0x00007ffdec640000 - 0x00007ffdec6e9000 	C:\Windows\System32\clbcatq.dll
0x00007ffde7440000 - 0x00007ffde75f4000 	C:\Windows\SYSTEM32\WindowsCodecs.dll
0x00007ffdcb2b0000 - 0x00007ffdcb2ee000 	C:\Windows\system32\dataexchange.dll
0x00007ffde4180000 - 0x00007ffde43e3000 	C:\Windows\system32\d3d11.dll
0x00007ffde4c30000 - 0x00007ffde4e14000 	C:\Windows\system32\dcomp.dll
0x00007ffde8970000 - 0x00007ffde8a66000 	C:\Windows\system32\dxgi.dll
0x00007ffde2180000 - 0x00007ffde2383000 	C:\Windows\system32\twinapi.appcore.dll
0x00007ffd20d70000 - 0x00007ffd20da4000 	C:\Program Files\Common Files\Microsoft Shared\Ink\rtscom.dll
0x00007ffddba20000 - 0x00007ffddbb19000 	C:\Windows\SYSTEM32\textinputframework.dll
0x00007ffde51a0000 - 0x00007ffde54fb000 	C:\Windows\System32\CoreUIComponents.dll
0x00007ffde56c0000 - 0x00007ffde57b2000 	C:\Windows\System32\CoreMessaging.dll
0x00007ffde9370000 - 0x00007ffde93a3000 	C:\Windows\SYSTEM32\ntmarta.dll
0x00007ffde6b10000 - 0x00007ffde6c67000 	C:\Windows\SYSTEM32\wintypes.dll
0x00007ffdd5600000 - 0x00007ffdd5666000 	C:\Windows\system32\Oleacc.dll
0x00007ffde4430000 - 0x00007ffde49f0000 	C:\Windows\SYSTEM32\d2d1.dll
0x00007ffddfd50000 - 0x00007ffde0446000 	C:\Windows\SYSTEM32\D3D10Warp.dll

dbghelp: loaded successfully - version: 4.0.5 - missing functions: none
symbol engine: initialized successfully - sym options: 0x614 - pdb path: .;C:\Program Files\Eclipse Adoptium\jdk-11.0.19.7-hotspot\bin;C:\Windows\SYSTEM32;C:\Windows\WinSxS\amd64_microsoft.windows.common-controls_6595b64144ccf1df_6.0.19041.4355_none_60b8b9eb71f62e16;C:\Program Files\Eclipse Adoptium\jdk-11.0.19.7-hotspot\bin\server;C:\Users\morx9\Documents\LeuvenDigitalTwinPrototype\Studies\EV3Gui\main\JavaFX11\bin;C:\Program Files\Common Files\Microsoft Shared\Ink

VM Arguments:
jvm_args: --module-path=C:\Users\morx9\Documents\LeuvenDigitalTwinPrototype\Studies\EV3Gui\main\JavaFX11\lib --add-modules=javafx.controls,javafx.fxml --illegal-access=warn 
java_command: main.jar
java_class_path (initial): main.jar
Launcher Type: SUN_STANDARD

[Global flags]
     intx CICompilerCount                          = 3                                         {product} {ergonomic}
     uint ConcGCThreads                            = 1                                         {product} {ergonomic}
     uint G1ConcRefinementThreads                  = 4                                         {product} {ergonomic}
   size_t G1HeapRegionSize                         = 1048576                                   {product} {ergonomic}
    uintx GCDrainStackTargetSize                   = 64                                        {product} {ergonomic}
   size_t InitialHeapSize                          = 134217728                                 {product} {ergonomic}
   size_t MarkStackSize                            = 4194304                                   {product} {ergonomic}
   size_t MaxHeapSize                              = 2126512128                                {product} {ergonomic}
   size_t MaxNewSize                               = 1275068416                                {product} {ergonomic}
   size_t MinHeapDeltaBytes                        = 1048576                                   {product} {ergonomic}
    uintx NonNMethodCodeHeapSize                   = 5830732                                {pd product} {ergonomic}
    uintx NonProfiledCodeHeapSize                  = 122913754                              {pd product} {ergonomic}
    uintx ProfiledCodeHeapSize                     = 122913754                              {pd product} {ergonomic}
    uintx ReservedCodeCacheSize                    = 251658240                              {pd product} {ergonomic}
     bool SegmentedCodeCache                       = true                                      {product} {ergonomic}
     bool UseCompressedClassPointers               = true                                 {lp64_product} {ergonomic}
     bool UseCompressedOops                        = true                                 {lp64_product} {ergonomic}
     bool UseG1GC                                  = true                                      {product} {ergonomic}
     bool UseLargePagesIndividualAllocation        = false                                  {pd product} {ergonomic}

Logging:
Log output configuration:
 #0: stdout all=warning uptime,level,tags
 #1: stderr all=off uptime,level,tags

Environment Variables:
PATH=C:\Program Files\Eclipse Adoptium\jdk-11.0.19.7-hotspot\bin;C:\Program Files\Oculus\Support\oculus-runtime;C:\Windows\system32;C:\Windows;C:\Windows\System32\Wbem;C:\Windows\System32\WindowsPowerShell\v1.0\;C:\Windows\System32\OpenSSH\;C:\Program Files\PuTTY\;C:\Program Files\MATLAB\R2022b\bin;C:\Program Files\dotnet\;C:\ProgramData\chocolatey\bin;C:\Program Files (x86)\GitExtensions\;C:\Program Files\Meld\;C:\MinGW\bin;C:\Program Files\Intel\WiFi\bin\;C:\Program Files\Common Files\Intel\WirelessCommon\;C:\Program Files\nodejs\;C:\Program Files\Microsoft SQL Server\150\Tools\Binn\;C:\Program Files\Microsoft SQL Server\Client SDK\ODBC\170\Tools\Binn\;C:\Users\morx9\AppData\Local\Android\Sdk\platform-tools;C:\ffmpeg-2023-07-19-git-efa6cec759-essentials_build\bin;C:\Program Files\Tailscale\;C:\Program Files\Git\cmd;C:\Users\morx9\AppData\Local\Programs\Python\Python310\Scripts\;C:\Users\morx9\AppData\Local\Programs\Python\Python310\;C:\Users\morx9\AppData\Local\Programs\Python\Python37\Scripts\;C:\Users\morx9\AppData\Local\Programs\Python\Python37\;C:\Users\morx9\.cargo\bin;C:\Users\morx9\AppData\Local\Microsoft\WindowsApps;C:\Users\morx9\AppData\Local\Programs\Microsoft VS Code\bin;C:\MinGW\bin;C:\Program Files\Intel\WiFi\bin\;C:\Program Files\Common Files\Intel\WirelessCommon\;C:\Users\morx9\AppData\Roaming\npm;C:\Users\morx9\.dotnet\tools;C:\Users\morx9\AppData\Local\Programs\Microsoft VS Code Insiders\bin;C:\Program Files\UrgBenriPlus
USERNAME=TizioMaurizio
OS=Windows_NT
PROCESSOR_IDENTIFIER=Intel64 Family 6 Model 61 Stepping 4, GenuineIntel
TMP=C:\Users\morx9\AppData\Local\Temp
TEMP=C:\Users\morx9\AppData\Local\Temp



---------------  S Y S T E M  ---------------

OS: Windows 10 , 64 bit Build 19041 (10.0.19041.5198)
OS uptime: 1 days 18:21 hours
Hyper-V role detected

CPU:total 4 (initial active 4) (2 cores per cpu, 2 threads per core) family 6 model 61 stepping 4 microcode 0x2d, cmov, cx8, fxsr, mmx, sse, sse2, sse3, ssse3, sse4.1, sse4.2, popcnt, avx, avx2, aes, clmul, erms, 3dnowpref, lzcnt, ht, tsc, tscinvbit, bmi1, bmi2, adx, fma

Memory: 4k page, system-wide physical 8110M (218M free)
TotalPageFile size 32486M (AvailPageFile size 1M)
current process WorkingSet (physical memory assigned to process): 41M, peak: 171M
current process commit charge ("private bytes"): 284M, peak: 297M

vm_info: OpenJDK 64-Bit Server VM (11.0.19+7) for windows-amd64 JRE (11.0.19+7), built on Apr 18 2023 23:12:18 by "" with MS VC++ 16.7 (VS2019)

END.
