#
# There is insufficient memory for the Java Runtime Environment to continue.
# Native memory allocation (malloc) failed to allocate 1048576 bytes for AllocateHeap
# Possible reasons:
#   The system is out of physical RAM or swap space
#   The process is running with CompressedOops enabled, and the Java Heap may be blocking the growth of the native heap
# Possible solutions:
#   Reduce memory load on the system
#   Increase physical memory or swap space
#   Check if swap backing store is full
#   Decrease Java heap size (-Xmx/-Xms)
#   Decrease number of Java threads
#

Intel(R) Core(TM) i7-5500U CPU @ 2.40GHz, 4 cores, 7G,  Windows 10 , 64 bit Build 19041 (10.0.19041.5198)
Time: Fri Feb  7 22:29:14 2025 ora solare Europa occidentale elapsed time: 160.871040 seconds (0d 0h 2m 40s)

---------------  T H R E A D  ---------------

Current thread (0x0000024076b70800):  VMThread "VM Thread" [stack: 0x0000005308000000,0x0000005308100000] [id=1264]

Stack: [0x0000005308000000,0x0000005308100000]
[error occurred during error reporting (printing stack bounds), id 0xc0000005, EXCEPTION_ACCESS_VIOLATION (0xc0000005) at pc=0x0000024060b3112d]


[error occurred during error reporting (printing native stack), id 0xc00000fd, EXCEPTION_STACK_OVERFLOW (0xc00000fd) at pc=0x00007ffdea88a7b8]

VM_Operation (0x00000053087fe530): CollectForMetadataAllocation, mode: safepoint, requested by thread 0x0000024076bbe000


---------------  P R O C E S S  ---------------

Threads class SMR info:
_java_thread_list=0x0000024078191730, length=53, elements={
0x00000240583ba000, 0x0000024076b96000, 0x0000024076b9f800, 0x0000024077533000,
0x0000024076bb4000, 0x0000024076bb5000, 0x0000024076bb8800, 0x0000024076bbe000,
0x0000024076bc9800, 0x00000240776a0800, 0x0000024078cba000, 0x0000024078780000,
0x0000024078406000, 0x0000024077b4e000, 0x0000024078924800, 0x0000024078665800,
0x00000240790a2000, 0x0000024078ead000, 0x0000024000bd0000, 0x000002407901a800,
0x0000024079016800, 0x0000024079016000, 0x000002407901b800, 0x000002407901c800,
0x000002407901a000, 0x0000024079018800, 0x0000024079019000, 0x0000024079017800,
0x0000024078aba800, 0x0000024078ab8000, 0x0000024078abe000, 0x0000024078abb800,
0x0000024078ab9000, 0x0000024078abc800, 0x0000024078aba000, 0x0000024078ac4800,
0x0000024078ac2000, 0x0000024078ac0800, 0x0000024078abd000, 0x0000024078ac3000,
0x0000024078ac1000, 0x0000024078abf000, 0x0000024078ac5800, 0x0000024078abf800,
0x0000024078ac3800, 0x0000024078ac7000, 0x0000024000162000, 0x0000024000164000,
0x000002400015f000, 0x0000024000163000, 0x0000024000164800, 0x0000024000165800,
0x0000024000161800
}

Java Threads: ( => current thread )
  0x00000240583ba000 JavaThread "main" [_thread_blocked, id=16884, stack(0x0000005307a00000,0x0000005307b00000)]
  0x0000024076b96000 JavaThread "Reference Handler" daemon [_thread_blocked, id=16080, stack(0x0000005308100000,0x0000005308200000)]
  0x0000024076b9f800 JavaThread "Finalizer" daemon [_thread_blocked, id=2764, stack(0x0000005308200000,0x0000005308300000)]
  0x0000024077533000 JavaThread "Signal Dispatcher" daemon [_thread_blocked, id=236, stack(0x0000005308300000,0x0000005308400000)]
  0x0000024076bb4000 JavaThread "Attach Listener" daemon [_thread_blocked, id=16044, stack(0x0000005308400000,0x0000005308500000)]
  0x0000024076bb5000 JavaThread "Service Thread" daemon [_thread_blocked, id=17008, stack(0x0000005308500000,0x0000005308600000)]
  0x0000024076bb8800 JavaThread "C2 CompilerThread0" daemon [_thread_blocked, id=8688, stack(0x0000005308600000,0x0000005308700000)]
  0x0000024076bbe000 JavaThread "C1 CompilerThread0" daemon [_thread_blocked, id=7748, stack(0x0000005308700000,0x0000005308800000)]
  0x0000024076bc9800 JavaThread "Sweeper thread" daemon [_thread_blocked, id=2944, stack(0x0000005308800000,0x0000005308900000)]
  0x00000240776a0800 JavaThread "Common-Cleaner" daemon [_thread_blocked, id=17548, stack(0x0000005308900000,0x0000005308a00000)]
  0x0000024078cba000 JavaThread "QuantumRenderer-0" daemon [_thread_blocked, id=13776, stack(0x0000005308a00000,0x0000005308b00000)]
  0x0000024078780000 JavaThread "InvokeLaterDispatcher" daemon [_thread_blocked, id=17684, stack(0x0000005308e00000,0x0000005308f00000)]
  0x0000024078406000 JavaThread "JavaFX Application Thread" [_thread_blocked, id=1636, stack(0x0000005308f00000,0x0000005309000000)]
  0x0000024077b4e000 JavaThread "Thread-1" daemon [_thread_blocked, id=16004, stack(0x0000005309300000,0x0000005309400000)]
  0x0000024078924800 JavaThread "JavaFX-Launcher" [_thread_blocked, id=3132, stack(0x0000005309500000,0x0000005309600000)]
  0x0000024078665800 JavaThread "Prism Font Disposer" daemon [_thread_blocked, id=11568, stack(0x0000005309400000,0x0000005309500000)]
  0x00000240790a2000 JavaThread "MQTT Rec: menu" [_thread_in_native, id=18068, stack(0x0000005309800000,0x0000005309900000)]
  0x0000024078ead000 JavaThread "MQTT Snd: menu" [_thread_blocked, id=10684, stack(0x0000005309900000,0x0000005309a00000)]
  0x0000024000bd0000 JavaThread "MQTT Call: menu" [_thread_blocked, id=14504, stack(0x0000005309a00000,0x0000005309b00000)]
  0x000002407901a800 JavaThread "Timer-0" [_thread_blocked, id=8536, stack(0x0000005309600000,0x0000005309700000)]
  0x0000024079016800 JavaThread "MQTT Rec: GuiClient" [_thread_in_native, id=17712, stack(0x0000005309c00000,0x0000005309d00000)]
  0x0000024079016000 JavaThread "MQTT Snd: GuiClient" [_thread_blocked, id=8788, stack(0x0000005309d00000,0x0000005309e00000)]
  0x000002407901b800 JavaThread "MQTT Call: GuiClient" [_thread_blocked, id=12832, stack(0x0000005309e00000,0x0000005309f00000)]
  0x000002407901c800 JavaThread "Timer-1" [_thread_blocked, id=16632, stack(0x0000005309b00000,0x0000005309c00000)]
  0x000002407901a000 JavaThread "MQTT Rec: MotorAModel.Ev3@34fa8ee4" [_thread_in_native, id=11484, stack(0x000000530a100000,0x000000530a200000)]
  0x0000024079018800 JavaThread "MQTT Snd: MotorAModel.Ev3@34fa8ee4" [_thread_blocked, id=9352, stack(0x000000530a200000,0x000000530a300000)]
  0x0000024079019000 JavaThread "MQTT Call: MotorAModel.Ev3@34fa8ee4" [_thread_blocked, id=4440, stack(0x000000530a300000,0x000000530a400000)]
  0x0000024079017800 JavaThread "Timer-2" [_thread_blocked, id=16724, stack(0x000000530a000000,0x000000530a100000)]
  0x0000024078aba800 JavaThread "Cleaner-0" daemon [_thread_blocked, id=16800, stack(0x000000530a900000,0x000000530aa00000)]
  0x0000024078ab8000 JavaThread "MQTT Rec: outCModel.Ev3@1b7657e" [_thread_in_native, id=16664, stack(0x000000530aa00000,0x000000530ab00000)]
  0x0000024078abe000 JavaThread "MQTT Snd: outCModel.Ev3@1b7657e" [_thread_blocked, id=11988, stack(0x000000530ab00000,0x000000530ac00000)]
  0x0000024078abb800 JavaThread "MQTT Call: outCModel.Ev3@1b7657e" [_thread_blocked, id=15708, stack(0x000000530ac00000,0x000000530ad00000)]
  0x0000024078ab9000 JavaThread "Timer-3" [_thread_blocked, id=8108, stack(0x0000005309f00000,0x000000530a000000)]
  0x0000024078abc800 JavaThread "MQTT Rec: outCModel.Ev3@68592757" [_thread_in_native, id=8336, stack(0x000000530ae00000,0x000000530af00000)]
  0x0000024078aba000 JavaThread "MQTT Snd: outCModel.Ev3@68592757" [_thread_blocked, id=6756, stack(0x000000530af00000,0x000000530b000000)]
  0x0000024078ac4800 JavaThread "MQTT Call: outCModel.Ev3@68592757" [_thread_blocked, id=14852, stack(0x000000530b000000,0x000000530b100000)]
  0x0000024078ac2000 JavaThread "Timer-4" [_thread_blocked, id=7600, stack(0x000000530ad00000,0x000000530ae00000)]
  0x0000024078ac0800 JavaThread "MQTT Rec: outAModel.Ev3@1b7657e" [_thread_in_native, id=18192, stack(0x0000005307800000,0x0000005307900000)]
  0x0000024078abd000 JavaThread "MQTT Snd: outAModel.Ev3@1b7657e" [_thread_blocked, id=12956, stack(0x0000005307900000,0x0000005307a00000)]
  0x0000024078ac3000 JavaThread "MQTT Call: outAModel.Ev3@1b7657e" [_thread_blocked, id=18316, stack(0x000000530b100000,0x000000530b200000)]
  0x0000024078ac1000 JavaThread "Timer-5" [_thread_blocked, id=5244, stack(0x0000005307700000,0x0000005307800000)]
  0x0000024078abf000 JavaThread "MQTT Rec: outAModel.Ev3@68592757" [_thread_in_native, id=10924, stack(0x000000530b300000,0x000000530b400000)]
  0x0000024078ac5800 JavaThread "MQTT Snd: outAModel.Ev3@68592757" [_thread_blocked, id=15768, stack(0x000000530b400000,0x000000530b500000)]
  0x0000024078abf800 JavaThread "MQTT Call: outAModel.Ev3@68592757" [_thread_blocked, id=12500, stack(0x000000530b500000,0x000000530b600000)]
  0x0000024078ac3800 JavaThread "Timer-6" [_thread_blocked, id=18280, stack(0x000000530b200000,0x000000530b300000)]
  0x0000024078ac7000 JavaThread "MQTT Rec: outBModel.Ev3@1b7657e" [_thread_in_native, id=17816, stack(0x000000530b600000,0x000000530b700000)]
  0x0000024000162000 JavaThread "MQTT Snd: outBModel.Ev3@1b7657e" [_thread_blocked, id=12848, stack(0x000000530b700000,0x000000530b800000)]
  0x0000024000164000 JavaThread "MQTT Call: outBModel.Ev3@1b7657e" [_thread_blocked, id=13692, stack(0x000000530b800000,0x000000530b900000)]
  0x000002400015f000 JavaThread "Timer-7" [_thread_blocked, id=2688, stack(0x000000530a400000,0x000000530a500000)]
  0x0000024000163000 JavaThread "MQTT Rec: outBModel.Ev3@68592757" [_thread_in_native, id=15988, stack(0x000000530a600000,0x000000530a700000)]
  0x0000024000164800 JavaThread "MQTT Snd: outBModel.Ev3@68592757" [_thread_blocked, id=17772, stack(0x000000530b900000,0x000000530ba00000)]
  0x0000024000165800 JavaThread "MQTT Call: outBModel.Ev3@68592757" [_thread_blocked, id=6928, stack(0x000000530ba00000,0x000000530bb00000)]
  0x0000024000161800 JavaThread "Timer-8" [_thread_blocked, id=9848, stack(0x000000530a500000,0x000000530a600000)]

Other Threads:
=>0x0000024076b70800 VMThread "VM Thread" [stack: 0x0000005308000000,0x0000005308100000] [id=1264]
  0x000002407838c800 WatcherThread [stack: 0x0000005308b00000,0x0000005308c00000] [id=3240]
  0x00000240583d2000 GCTaskThread "GC Thread#0" [stack: 0x0000005307b00000,0x0000005307c00000] [id=14588]
  0x000002407795f000 GCTaskThread "GC Thread#1" [stack: 0x0000005308c00000,0x0000005308d00000] [id=16424]
  0x0000024077e48800 GCTaskThread "GC Thread#2" [stack: 0x0000005308d00000,0x0000005308e00000] [id=12496]
  0x000002407855c800 GCTaskThread "GC Thread#3" [stack: 0x000000530a700000,0x000000530a800000] [id=15924]
  0x0000024058401000 ConcurrentGCThread "G1 Main Marker" [stack: 0x0000005307c00000,0x0000005307d00000] [id=17400]
  0x0000024058406000 ConcurrentGCThread "G1 Conc#0" [stack: 0x0000005307d00000,0x0000005307e00000] [id=14844]
  0x00000240769e0800 ConcurrentGCThread "G1 Refine#0" [stack: 0x0000005307e00000,0x0000005307f00000] [id=2120]
  0x00000240769e1800 ConcurrentGCThread "G1 Young RemSet Sampling" [stack: 0x0000005307f00000,0x0000005308000000] [id=12292]

Threads with active compile tasks:
C2 CompilerThread0   160883 5390       4       java.io.OutputStream::flush (1 bytes)
C1 CompilerThread0   160883 5391       3       java.nio.CharBuffer::limit (6 bytes)

VM state:at safepoint (normal execution)

VM Mutex/Monitor currently owned by a thread:  ([mutex/lock_event])
[0x00000240583b6840] Threads_lock - owner thread: 0x0000024076b70800
[0x00000240583b5eb0] Heap_lock - owner thread: 0x0000024076bbe000
[0x00000240583b5b50] MethodData_lock - owner thread: 0x0000024076bbe000

OutOfMemory and StackOverflow Exception counts:
OutOfMemoryError java_heap_errors=2
LinkageErrors=34

Heap address: 0x0000000081400000, size: 2028 MB, Compressed Oops mode: 32-bit
Narrow klass base: 0x0000000000000000, Narrow klass shift: 3
Compressed class space size: 1073741824 Address: 0x0000000100000000

Heap:
 garbage-first heap   total 131072K, used 17468K [0x0000000081400000, 0x0000000100000000)
  region size 1024K, 3 young (3072K), 3 survivors (3072K)
 Metaspace       used 26578K, capacity 27405K, committed 27440K, reserved 1081344K
  class space    used 3074K, capacity 3455K, committed 3456K, reserved 1048576K
Heap Regions: E=young(eden), S=young(survivor), O=old, HS=humongous(starts), HC=humongous(continues), CS=collection set, F=free, A=archive, TAMS=top-at-mark-start (previous, next)
|   0|0x0000000081400000, 0x0000000081500000, 0x0000000081500000|100%|HS|  |TAMS 0x0000000081400000, 0x0000000081500000| Complete 
|   1|0x0000000081500000, 0x0000000081600000, 0x0000000081600000|100%|HC|  |TAMS 0x0000000081500000, 0x0000000081600000| Complete 
|   2|0x0000000081600000, 0x0000000081700000, 0x0000000081700000|100%| O|  |TAMS 0x0000000081600000, 0x0000000081700000| Untracked 
|   3|0x0000000081700000, 0x0000000081800000, 0x0000000081800000|100%| O|  |TAMS 0x0000000081700000, 0x0000000081800000| Untracked 
|   4|0x0000000081800000, 0x0000000081900000, 0x0000000081900000|100%| O|  |TAMS 0x0000000081800000, 0x0000000081900000| Untracked 
|   5|0x0000000081900000, 0x0000000081a00000, 0x0000000081a00000|100%| O|  |TAMS 0x0000000081900000, 0x0000000081a00000| Untracked 
|   6|0x0000000081a00000, 0x0000000081b00000, 0x0000000081b00000|100%| O|  |TAMS 0x0000000081a00000, 0x0000000081b00000| Untracked 
|   7|0x0000000081b00000, 0x0000000081c00000, 0x0000000081c00000|100%| O|  |TAMS 0x0000000081b00000, 0x0000000081c00000| Untracked 
|   8|0x0000000081c00000, 0x0000000081d00000, 0x0000000081d00000|100%| O|  |TAMS 0x0000000081c00000, 0x0000000081d00000| Untracked 
|   9|0x0000000081d00000, 0x0000000081e00000, 0x0000000081e00000|100%| O|  |TAMS 0x0000000081d00000, 0x0000000081e00000| Untracked 
|  10|0x0000000081e00000, 0x0000000081f00000, 0x0000000081f00000|100%| O|  |TAMS 0x0000000081e00000, 0x0000000081f00000| Untracked 
|  11|0x0000000081f00000, 0x0000000082000000, 0x0000000082000000|100%| O|  |TAMS 0x0000000081f00000, 0x0000000082000000| Untracked 
|  12|0x0000000082000000, 0x0000000082100000, 0x0000000082100000|100%| O|  |TAMS 0x0000000082000000, 0x0000000082100000| Untracked 
|  13|0x0000000082100000, 0x0000000082200000, 0x0000000082200000|100%| O|  |TAMS 0x0000000082100000, 0x0000000082200000| Untracked 
|  14|0x0000000082200000, 0x0000000082270600, 0x0000000082300000| 43%| O|  |TAMS 0x0000000082200000, 0x0000000082270600| Untracked 
|  15|0x0000000082300000, 0x0000000082300000, 0x0000000082400000|  0%| F|  |TAMS 0x0000000082300000, 0x0000000082300000| Untracked 
|  16|0x0000000082400000, 0x0000000082400000, 0x0000000082500000|  0%| F|  |TAMS 0x0000000082400000, 0x0000000082400000| Untracked 
|  17|0x0000000082500000, 0x0000000082500000, 0x0000000082600000|  0%| F|  |TAMS 0x0000000082500000, 0x0000000082500000| Untracked 
|  18|0x0000000082600000, 0x0000000082600000, 0x0000000082700000|  0%| F|  |TAMS 0x0000000082600000, 0x0000000082600000| Untracked 
|  19|0x0000000082700000, 0x0000000082700000, 0x0000000082800000|  0%| F|  |TAMS 0x0000000082700000, 0x0000000082700000| Untracked 
|  20|0x0000000082800000, 0x0000000082800000, 0x0000000082900000|  0%| F|  |TAMS 0x0000000082800000, 0x0000000082800000| Untracked 
|  21|0x0000000082900000, 0x0000000082900000, 0x0000000082a00000|  0%| F|  |TAMS 0x0000000082900000, 0x0000000082900000| Untracked 
|  22|0x0000000082a00000, 0x0000000082a00000, 0x0000000082b00000|  0%| F|  |TAMS 0x0000000082a00000, 0x0000000082a00000| Untracked 
|  23|0x0000000082b00000, 0x0000000082b00000, 0x0000000082c00000|  0%| F|  |TAMS 0x0000000082b00000, 0x0000000082b00000| Untracked 
|  24|0x0000000082c00000, 0x0000000082c00000, 0x0000000082d00000|  0%| F|  |TAMS 0x0000000082c00000, 0x0000000082c00000| Untracked 
|  25|0x0000000082d00000, 0x0000000082d00000, 0x0000000082e00000|  0%| F|  |TAMS 0x0000000082d00000, 0x0000000082d00000| Untracked 
|  26|0x0000000082e00000, 0x0000000082e00000, 0x0000000082f00000|  0%| F|  |TAMS 0x0000000082e00000, 0x0000000082e00000| Untracked 
|  27|0x0000000082f00000, 0x0000000082f00000, 0x0000000083000000|  0%| F|  |TAMS 0x0000000082f00000, 0x0000000082f00000| Untracked 
|  28|0x0000000083000000, 0x0000000083000000, 0x0000000083100000|  0%| F|  |TAMS 0x0000000083000000, 0x0000000083000000| Untracked 
|  29|0x0000000083100000, 0x0000000083100000, 0x0000000083200000|  0%| F|  |TAMS 0x0000000083100000, 0x0000000083100000| Untracked 
|  30|0x0000000083200000, 0x0000000083200000, 0x0000000083300000|  0%| F|  |TAMS 0x0000000083200000, 0x0000000083200000| Untracked 
|  31|0x0000000083300000, 0x0000000083300000, 0x0000000083400000|  0%| F|  |TAMS 0x0000000083300000, 0x0000000083300000| Untracked 
|  32|0x0000000083400000, 0x0000000083400000, 0x0000000083500000|  0%| F|  |TAMS 0x0000000083400000, 0x0000000083400000| Untracked 
|  33|0x0000000083500000, 0x0000000083500000, 0x0000000083600000|  0%| F|  |TAMS 0x0000000083500000, 0x0000000083500000| Untracked 
|  34|0x0000000083600000, 0x0000000083600000, 0x0000000083700000|  0%| F|  |TAMS 0x0000000083600000, 0x0000000083600000| Untracked 
|  35|0x0000000083700000, 0x0000000083700000, 0x0000000083800000|  0%| F|  |TAMS 0x0000000083700000, 0x0000000083700000| Untracked 
|  36|0x0000000083800000, 0x0000000083800000, 0x0000000083900000|  0%| F|  |TAMS 0x0000000083800000, 0x0000000083800000| Untracked 
|  37|0x0000000083900000, 0x0000000083900000, 0x0000000083a00000|  0%| F|  |TAMS 0x0000000083900000, 0x0000000083900000| Untracked 
|  38|0x0000000083a00000, 0x0000000083a00000, 0x0000000083b00000|  0%| F|  |TAMS 0x0000000083a00000, 0x0000000083a00000| Untracked 
|  39|0x0000000083b00000, 0x0000000083b00000, 0x0000000083c00000|  0%| F|  |TAMS 0x0000000083b00000, 0x0000000083b00000| Untracked 
|  40|0x0000000083c00000, 0x0000000083c00000, 0x0000000083d00000|  0%| F|  |TAMS 0x0000000083c00000, 0x0000000083c00000| Untracked 
|  41|0x0000000083d00000, 0x0000000083d00000, 0x0000000083e00000|  0%| F|  |TAMS 0x0000000083d00000, 0x0000000083d00000| Untracked 
|  42|0x0000000083e00000, 0x0000000083e00000, 0x0000000083f00000|  0%| F|  |TAMS 0x0000000083e00000, 0x0000000083e00000| Untracked 
|  43|0x0000000083f00000, 0x0000000083f00000, 0x0000000084000000|  0%| F|  |TAMS 0x0000000083f00000, 0x0000000083f00000| Untracked 
|  44|0x0000000084000000, 0x0000000084000000, 0x0000000084100000|  0%| F|  |TAMS 0x0000000084000000, 0x0000000084000000| Untracked 
|  45|0x0000000084100000, 0x0000000084100000, 0x0000000084200000|  0%| F|  |TAMS 0x0000000084100000, 0x0000000084100000| Untracked 
|  46|0x0000000084200000, 0x0000000084200000, 0x0000000084300000|  0%| F|  |TAMS 0x0000000084200000, 0x0000000084200000| Untracked 
|  47|0x0000000084300000, 0x0000000084300000, 0x0000000084400000|  0%| F|  |TAMS 0x0000000084300000, 0x0000000084300000| Untracked 
|  48|0x0000000084400000, 0x0000000084400000, 0x0000000084500000|  0%| F|  |TAMS 0x0000000084400000, 0x0000000084400000| Untracked 
|  49|0x0000000084500000, 0x0000000084500000, 0x0000000084600000|  0%| F|  |TAMS 0x0000000084500000, 0x0000000084500000| Untracked 
|  50|0x0000000084600000, 0x0000000084600000, 0x0000000084700000|  0%| F|  |TAMS 0x0000000084600000, 0x0000000084600000| Untracked 
|  51|0x0000000084700000, 0x0000000084700000, 0x0000000084800000|  0%| F|  |TAMS 0x0000000084700000, 0x0000000084700000| Untracked 
|  52|0x0000000084800000, 0x0000000084800000, 0x0000000084900000|  0%| F|  |TAMS 0x0000000084800000, 0x0000000084800000| Untracked 
|  53|0x0000000084900000, 0x0000000084900000, 0x0000000084a00000|  0%| F|  |TAMS 0x0000000084900000, 0x0000000084900000| Untracked 
|  54|0x0000000084a00000, 0x0000000084a00000, 0x0000000084b00000|  0%| F|  |TAMS 0x0000000084a00000, 0x0000000084a00000| Untracked 
|  55|0x0000000084b00000, 0x0000000084b00000, 0x0000000084c00000|  0%| F|  |TAMS 0x0000000084b00000, 0x0000000084b00000| Untracked 
|  56|0x0000000084c00000, 0x0000000084c00000, 0x0000000084d00000|  0%| F|  |TAMS 0x0000000084c00000, 0x0000000084c00000| Untracked 
|  57|0x0000000084d00000, 0x0000000084d00000, 0x0000000084e00000|  0%| F|  |TAMS 0x0000000084d00000, 0x0000000084d00000| Untracked 
|  58|0x0000000084e00000, 0x0000000084e00000, 0x0000000084f00000|  0%| F|  |TAMS 0x0000000084e00000, 0x0000000084e00000| Untracked 
|  59|0x0000000084f00000, 0x0000000084f00000, 0x0000000085000000|  0%| F|  |TAMS 0x0000000084f00000, 0x0000000084f00000| Untracked 
|  60|0x0000000085000000, 0x0000000085000000, 0x0000000085100000|  0%| F|  |TAMS 0x0000000085000000, 0x0000000085000000| Untracked 
|  61|0x0000000085100000, 0x0000000085100000, 0x0000000085200000|  0%| F|  |TAMS 0x0000000085100000, 0x0000000085100000| Untracked 
|  62|0x0000000085200000, 0x0000000085200000, 0x0000000085300000|  0%| F|  |TAMS 0x0000000085200000, 0x0000000085200000| Untracked 
|  63|0x0000000085300000, 0x0000000085300000, 0x0000000085400000|  0%| F|  |TAMS 0x0000000085300000, 0x0000000085300000| Untracked 
|  64|0x0000000085400000, 0x0000000085400000, 0x0000000085500000|  0%| F|  |TAMS 0x0000000085400000, 0x0000000085400000| Untracked 
|  65|0x0000000085500000, 0x0000000085500000, 0x0000000085600000|  0%| F|  |TAMS 0x0000000085500000, 0x0000000085500000| Untracked 
|  66|0x0000000085600000, 0x0000000085600000, 0x0000000085700000|  0%| F|  |TAMS 0x0000000085600000, 0x0000000085600000| Untracked 
|  67|0x0000000085700000, 0x0000000085700000, 0x0000000085800000|  0%| F|  |TAMS 0x0000000085700000, 0x0000000085700000| Untracked 
|  68|0x0000000085800000, 0x0000000085800000, 0x0000000085900000|  0%| F|  |TAMS 0x0000000085800000, 0x0000000085800000| Untracked 
|  69|0x0000000085900000, 0x0000000085900000, 0x0000000085a00000|  0%| F|  |TAMS 0x0000000085900000, 0x0000000085900000| Untracked 
|  70|0x0000000085a00000, 0x0000000085a00000, 0x0000000085b00000|  0%| F|  |TAMS 0x0000000085a00000, 0x0000000085a00000| Untracked 
|  71|0x0000000085b00000, 0x0000000085b00000, 0x0000000085c00000|  0%| F|  |TAMS 0x0000000085b00000, 0x0000000085b00000| Untracked 
|  72|0x0000000085c00000, 0x0000000085c00000, 0x0000000085d00000|  0%| F|  |TAMS 0x0000000085c00000, 0x0000000085c00000| Untracked 
|  73|0x0000000085d00000, 0x0000000085d00000, 0x0000000085e00000|  0%| F|  |TAMS 0x0000000085d00000, 0x0000000085d00000| Untracked 
|  74|0x0000000085e00000, 0x0000000085e00000, 0x0000000085f00000|  0%| F|  |TAMS 0x0000000085e00000, 0x0000000085e00000| Untracked 
|  75|0x0000000085f00000, 0x0000000085f00000, 0x0000000086000000|  0%| F|  |TAMS 0x0000000085f00000, 0x0000000085f00000| Untracked 
|  76|0x0000000086000000, 0x0000000086000000, 0x0000000086100000|  0%| F|  |TAMS 0x0000000086000000, 0x0000000086000000| Untracked 
|  77|0x0000000086100000, 0x0000000086100000, 0x0000000086200000|  0%| F|  |TAMS 0x0000000086100000, 0x0000000086100000| Untracked 
|  78|0x0000000086200000, 0x0000000086200000, 0x0000000086300000|  0%| F|  |TAMS 0x0000000086200000, 0x0000000086200000| Untracked 
|  79|0x0000000086300000, 0x0000000086300000, 0x0000000086400000|  0%| F|  |TAMS 0x0000000086300000, 0x0000000086300000| Untracked 
|  80|0x0000000086400000, 0x0000000086400000, 0x0000000086500000|  0%| F|  |TAMS 0x0000000086400000, 0x0000000086400000| Untracked 
|  81|0x0000000086500000, 0x0000000086500000, 0x0000000086600000|  0%| F|  |TAMS 0x0000000086500000, 0x0000000086500000| Untracked 
|  82|0x0000000086600000, 0x0000000086600000, 0x0000000086700000|  0%| F|  |TAMS 0x0000000086600000, 0x0000000086600000| Untracked 
|  83|0x0000000086700000, 0x0000000086700000, 0x0000000086800000|  0%| F|  |TAMS 0x0000000086700000, 0x0000000086700000| Untracked 
|  84|0x0000000086800000, 0x0000000086800000, 0x0000000086900000|  0%| F|  |TAMS 0x0000000086800000, 0x0000000086800000| Untracked 
|  85|0x0000000086900000, 0x0000000086900000, 0x0000000086a00000|  0%| F|  |TAMS 0x0000000086900000, 0x0000000086900000| Untracked 
|  86|0x0000000086a00000, 0x0000000086a00000, 0x0000000086b00000|  0%| F|  |TAMS 0x0000000086a00000, 0x0000000086a00000| Untracked 
|  87|0x0000000086b00000, 0x0000000086b9ebe0, 0x0000000086c00000| 62%| S|CS|TAMS 0x0000000086b00000, 0x0000000086b00000| Complete 
|  88|0x0000000086c00000, 0x0000000086d00000, 0x0000000086d00000|100%| S|CS|TAMS 0x0000000086c00000, 0x0000000086c00000| Complete 
|  89|0x0000000086d00000, 0x0000000086e00000, 0x0000000086e00000|100%| S|CS|TAMS 0x0000000086d00000, 0x0000000086d00000| Complete 
|  90|0x0000000086e00000, 0x0000000086e00000, 0x0000000086f00000|  0%| F|  |TAMS 0x0000000086e00000, 0x0000000086e00000| Untracked 
|  91|0x0000000086f00000, 0x0000000086f00000, 0x0000000087000000|  0%| F|  |TAMS 0x0000000086f00000, 0x0000000086f00000| Untracked 
|  92|0x0000000087000000, 0x0000000087000000, 0x0000000087100000|  0%| F|  |TAMS 0x0000000087000000, 0x0000000087000000| Untracked 
|  93|0x0000000087100000, 0x0000000087100000, 0x0000000087200000|  0%| F|  |TAMS 0x0000000087100000, 0x0000000087100000| Untracked 
|  94|0x0000000087200000, 0x0000000087200000, 0x0000000087300000|  0%| F|  |TAMS 0x0000000087200000, 0x0000000087200000| Untracked 
|  95|0x0000000087300000, 0x0000000087300000, 0x0000000087400000|  0%| F|  |TAMS 0x0000000087300000, 0x0000000087300000| Untracked 
|  96|0x0000000087400000, 0x0000000087400000, 0x0000000087500000|  0%| F|  |TAMS 0x0000000087400000, 0x0000000087400000| Untracked 
|  97|0x0000000087500000, 0x0000000087500000, 0x0000000087600000|  0%| F|  |TAMS 0x0000000087500000, 0x0000000087500000| Untracked 
|  98|0x0000000087600000, 0x0000000087600000, 0x0000000087700000|  0%| F|  |TAMS 0x0000000087600000, 0x0000000087600000| Untracked 
|  99|0x0000000087700000, 0x0000000087700000, 0x0000000087800000|  0%| F|  |TAMS 0x0000000087700000, 0x0000000087700000| Untracked 
| 100|0x0000000087800000, 0x0000000087800000, 0x0000000087900000|  0%| F|  |TAMS 0x0000000087800000, 0x0000000087800000| Untracked 
| 101|0x0000000087900000, 0x0000000087900000, 0x0000000087a00000|  0%| F|  |TAMS 0x0000000087900000, 0x0000000087900000| Untracked 
| 102|0x0000000087a00000, 0x0000000087a00000, 0x0000000087b00000|  0%| F|  |TAMS 0x0000000087a00000, 0x0000000087a00000| Untracked 
| 103|0x0000000087b00000, 0x0000000087b00000, 0x0000000087c00000|  0%| F|  |TAMS 0x0000000087b00000, 0x0000000087b00000| Untracked 
| 104|0x0000000087c00000, 0x0000000087c00000, 0x0000000087d00000|  0%| F|  |TAMS 0x0000000087c00000, 0x0000000087c00000| Untracked 
| 105|0x0000000087d00000, 0x0000000087d00000, 0x0000000087e00000|  0%| F|  |TAMS 0x0000000087d00000, 0x0000000087d00000| Untracked 
| 106|0x0000000087e00000, 0x0000000087e00000, 0x0000000087f00000|  0%| F|  |TAMS 0x0000000087e00000, 0x0000000087e00000| Untracked 
| 107|0x0000000087f00000, 0x0000000087f00000, 0x0000000088000000|  0%| F|  |TAMS 0x0000000087f00000, 0x0000000087f00000| Untracked 
| 108|0x0000000088000000, 0x0000000088000000, 0x0000000088100000|  0%| F|  |TAMS 0x0000000088000000, 0x0000000088000000| Untracked 
| 109|0x0000000088100000, 0x0000000088100000, 0x0000000088200000|  0%| F|  |TAMS 0x0000000088100000, 0x0000000088100000| Untracked 
| 110|0x0000000088200000, 0x0000000088200000, 0x0000000088300000|  0%| F|  |TAMS 0x0000000088200000, 0x0000000088200000| Untracked 
| 111|0x0000000088300000, 0x0000000088300000, 0x0000000088400000|  0%| F|  |TAMS 0x0000000088300000, 0x0000000088300000| Untracked 
| 112|0x0000000088400000, 0x0000000088400000, 0x0000000088500000|  0%| F|  |TAMS 0x0000000088400000, 0x0000000088400000| Untracked 
| 113|0x0000000088500000, 0x0000000088500000, 0x0000000088600000|  0%| F|  |TAMS 0x0000000088500000, 0x0000000088500000| Untracked 
| 114|0x0000000088600000, 0x0000000088600000, 0x0000000088700000|  0%| F|  |TAMS 0x0000000088600000, 0x0000000088600000| Untracked 
| 115|0x0000000088700000, 0x0000000088700000, 0x0000000088800000|  0%| F|  |TAMS 0x0000000088700000, 0x0000000088700000| Untracked 
| 116|0x0000000088800000, 0x0000000088800000, 0x0000000088900000|  0%| F|  |TAMS 0x0000000088800000, 0x0000000088800000| Untracked 
| 117|0x0000000088900000, 0x0000000088900000, 0x0000000088a00000|  0%| F|  |TAMS 0x0000000088900000, 0x0000000088900000| Untracked 
| 118|0x0000000088a00000, 0x0000000088a00000, 0x0000000088b00000|  0%| F|  |TAMS 0x0000000088a00000, 0x0000000088a00000| Untracked 
| 119|0x0000000088b00000, 0x0000000088b00000, 0x0000000088c00000|  0%| F|  |TAMS 0x0000000088b00000, 0x0000000088b00000| Untracked 
| 120|0x0000000088c00000, 0x0000000088c00000, 0x0000000088d00000|  0%| F|  |TAMS 0x0000000088c00000, 0x0000000088c00000| Untracked 
| 121|0x0000000088d00000, 0x0000000088d00000, 0x0000000088e00000|  0%| F|  |TAMS 0x0000000088d00000, 0x0000000088d00000| Untracked 
| 122|0x0000000088e00000, 0x0000000088e00000, 0x0000000088f00000|  0%| F|  |TAMS 0x0000000088e00000, 0x0000000088e00000| Untracked 
| 123|0x0000000088f00000, 0x0000000088f00000, 0x0000000089000000|  0%| F|  |TAMS 0x0000000088f00000, 0x0000000088f00000| Untracked 
| 124|0x0000000089000000, 0x0000000089000000, 0x0000000089100000|  0%| F|  |TAMS 0x0000000089000000, 0x0000000089000000| Untracked 
| 125|0x0000000089100000, 0x0000000089100000, 0x0000000089200000|  0%| F|  |TAMS 0x0000000089100000, 0x0000000089100000| Untracked 
| 126|0x0000000089200000, 0x0000000089200000, 0x0000000089300000|  0%| F|  |TAMS 0x0000000089200000, 0x0000000089200000| Untracked 
| 127|0x0000000089300000, 0x0000000089300000, 0x0000000089400000|  0%| F|  |TAMS 0x0000000089300000, 0x0000000089300000| Untracked 

Card table byte_map: [0x000002406ff30000,0x0000024070330000] _byte_map_base: 0x000002406fb26000

Marking Bits (Prev, Next): (CMBitMap*) 0x00000240583f8330, (CMBitMap*) 0x00000240583f82f8
 Prev Bits: [0x00000240726e0000, 0x0000024074690000)
 Next Bits: [0x0000024070730000, 0x00000240726e0000)

Polling page: 0x0000024056390000

Metaspace:

Usage:
  Non-class:     23.39 MB capacity,    22.95 MB ( 98%) used,   345.44 KB (  1%) free+waste,   100.56 KB ( <1%) overhead. 
      Class:      3.37 MB capacity,     3.00 MB ( 89%) used,   330.71 KB ( 10%) free+waste,    49.94 KB (  1%) overhead. 
       Both:     26.76 MB capacity,    25.96 MB ( 97%) used,   676.15 KB (  2%) free+waste,   150.50 KB ( <1%) overhead. 

Virtual space:
  Non-class space:       32.00 MB reserved,      23.42 MB ( 73%) committed 
      Class space:        1.00 GB reserved,       3.38 MB ( <1%) committed 
             Both:        1.03 GB reserved,      26.80 MB (  3%) committed 

Chunk freelists:
   Non-Class:  34.00 KB
       Class:  1.00 KB
        Both:  35.00 KB

MaxMetaspaceSize: 17179869184.00 GB
CompressedClassSpaceSize: 1.00 GB
Initial GC threshold: 20.80 MB
Current GC threshold: 35.20 MB
CDS: off

CodeHeap 'non-profiled nmethods': size=120064Kb used=3432Kb max_used=3432Kb free=116631Kb
 bounds [0x00000240685f0000, 0x0000024068950000, 0x000002406fb30000]
CodeHeap 'profiled nmethods': size=120000Kb used=11101Kb max_used=11101Kb free=108898Kb
 bounds [0x00000240610c0000, 0x0000024061ba0000, 0x00000240685f0000]
CodeHeap 'non-nmethods': size=5696Kb used=1447Kb max_used=1475Kb free=4248Kb
 bounds [0x0000024060b30000, 0x0000024060da0000, 0x00000240610c0000]
 total_blobs=6154 nmethods=5376 adapters=688
 compilation: enabled
              stopped_count=0, restarted_count=0
 full_count=0

Compilation events (20 events):
Event: 156.583 Thread 0x0000024076bbe000 nmethod 5382 0x0000024061b8ef90 code [0x0000024061b8f160, 0x0000024061b8f368]
Event: 156.807 Thread 0x0000024076bb8800 nmethod 5378 0x0000024068944690 code [0x0000024068944b20, 0x0000024068947a58]
Event: 156.808 Thread 0x0000024076bb8800 5379       4       javafx.scene.layout.Border::isEmpty (30 bytes)
Event: 156.809 Thread 0x0000024076bb8800 nmethod 5379 0x0000024068949690 code [0x0000024068949840, 0x0000024068949918]
Event: 158.578 Thread 0x0000024076bbe000 5383       3       javafx.scene.control.skin.TextFieldSkin::updateTextNodeCaretPos (47 bytes)
Event: 158.581 Thread 0x0000024076bbe000 nmethod 5383 0x0000024061b8f410 code [0x0000024061b8f7a0, 0x0000024061b914b8]
Event: 158.581 Thread 0x0000024076bbe000 5384       1       sun.nio.cs.MS1252::historicalName (3 bytes)
Event: 158.581 Thread 0x0000024076bbe000 nmethod 5384 0x0000024068949a10 code [0x0000024068949bc0, 0x0000024068949c78]
Event: 158.585 Thread 0x0000024076bbe000 5385   !   3       org.eclipse.paho.client.mqttv3.internal.ClientComms::internalSend (134 bytes)
Event: 158.587 Thread 0x0000024076bbe000 nmethod 5385 0x0000024061b91d10 code [0x0000024061b92000, 0x0000024061b93468]
Event: 158.587 Thread 0x0000024076bbe000 5386       3       org.eclipse.paho.client.mqttv3.MqttToken::getClient (8 bytes)
Event: 158.587 Thread 0x0000024076bbe000 nmethod 5386 0x0000024061b93990 code [0x0000024061b93b40, 0x0000024061b93c58]
Event: 160.459 Thread 0x0000024076bbe000 5387       3       javafx.scene.control.skin.TextFieldSkin::updateTextPos (307 bytes)
Event: 160.459 Thread 0x0000024076bb8800 5388       4       javafx.beans.property.IntegerPropertyBase::set (76 bytes)
Event: 160.461 Thread 0x0000024076bb8800 nmethod 5388 0x0000024068949d10 code [0x0000024068949ea0, 0x0000024068949f78]
Event: 160.463 Thread 0x0000024076bbe000 nmethod 5387 0x0000024061b93d10 code [0x0000024061b941c0, 0x0000024061b96818]
Event: 160.463 Thread 0x0000024076bbe000 5389       3       java.nio.charset.CoderResult::isOverflow (14 bytes)
Event: 160.463 Thread 0x0000024076bbe000 nmethod 5389 0x0000024061b97410 code [0x0000024061b975c0, 0x0000024061b97718]
Event: 160.571 Thread 0x0000024076bb8800 5390       4       java.io.OutputStream::flush (1 bytes)
Event: 160.571 Thread 0x0000024076bbe000 5391       3       java.nio.CharBuffer::limit (6 bytes)

GC Heap History (8 events):
Event: 3.104 GC heap before
{Heap before GC invocations=0 (full 0):
 garbage-first heap   total 131072K, used 14336K [0x0000000081400000, 0x0000000100000000)
  region size 1024K, 14 young (14336K), 0 survivors (0K)
 Metaspace       used 8842K, capacity 9151K, committed 9216K, reserved 1056768K
  class space    used 872K, capacity 1017K, committed 1024K, reserved 1048576K
}
Event: 3.124 GC heap after
{Heap after GC invocations=1 (full 0):
 garbage-first heap   total 131072K, used 1869K [0x0000000081400000, 0x0000000100000000)
  region size 1024K, 2 young (2048K), 2 survivors (2048K)
 Metaspace       used 8842K, capacity 9151K, committed 9216K, reserved 1056768K
  class space    used 872K, capacity 1017K, committed 1024K, reserved 1048576K
}
Event: 5.657 GC heap before
{Heap before GC invocations=1 (full 0):
 garbage-first heap   total 131072K, used 40781K [0x0000000081400000, 0x0000000100000000)
  region size 1024K, 42 young (43008K), 2 survivors (2048K)
 Metaspace       used 20625K, capacity 21183K, committed 21296K, reserved 1069056K
  class space    used 2433K, capacity 2688K, committed 2688K, reserved 1048576K
}
Event: 5.673 GC heap after
{Heap after GC invocations=2 (full 0):
 garbage-first heap   total 131072K, used 7438K [0x0000000081400000, 0x0000000100000000)
  region size 1024K, 8 young (8192K), 8 survivors (8192K)
 Metaspace       used 20625K, capacity 21183K, committed 21296K, reserved 1069056K
  class space    used 2433K, capacity 2688K, committed 2688K, reserved 1048576K
}
Event: 89.062 GC heap before
{Heap before GC invocations=3 (full 0):
 garbage-first heap   total 131072K, used 51470K [0x0000000081400000, 0x0000000100000000)
  region size 1024K, 49 young (50176K), 8 survivors (8192K)
 Metaspace       used 26140K, capacity 26961K, committed 27184K, reserved 1073152K
  class space    used 3066K, capacity 3420K, committed 3456K, reserved 1048576K
}
Event: 89.110 GC heap after
{Heap after GC invocations=4 (full 0):
 garbage-first heap   total 131072K, used 15001K [0x0000000081400000, 0x0000000100000000)
  region size 1024K, 6 young (6144K), 6 survivors (6144K)
 Metaspace       used 26140K, capacity 26961K, committed 27184K, reserved 1073152K
  class space    used 3066K, capacity 3420K, committed 3456K, reserved 1048576K
}
Event: 160.572 GC heap before
{Heap before GC invocations=4 (full 0):
 garbage-first heap   total 131072K, used 52889K [0x0000000081400000, 0x0000000100000000)
  region size 1024K, 44 young (45056K), 6 survivors (6144K)
 Metaspace       used 26578K, capacity 27405K, committed 27440K, reserved 1079296K
  class space    used 3074K, capacity 3455K, committed 3456K, reserved 1048576K
}
Event: 160.606 GC heap after
{Heap after GC invocations=5 (full 0):
 garbage-first heap   total 131072K, used 17468K [0x0000000081400000, 0x0000000100000000)
  region size 1024K, 3 young (3072K), 3 survivors (3072K)
 Metaspace       used 26578K, capacity 27405K, committed 27440K, reserved 1079296K
  class space    used 3074K, capacity 3455K, committed 3456K, reserved 1048576K
}

Deoptimization events (20 events):
Event: 126.212 Thread 0x0000024078406000 Uncommon trap: trap_request=0xffffffbe fr.pc=0x00000240688c420c relative=0x000000000000160c
Event: 126.212 Thread 0x0000024078406000 Uncommon trap: reason=profile_predicate action=maybe_recompile pc=0x00000240688c420c method=javafx.css.CompoundSelector.applies(Ljavafx/css/Styleable;I[Ljava/util/Set;I)Z @ 103 c2
Event: 126.212 Thread 0x0000024078406000 DEOPT PACKING pc=0x00000240688c420c sp=0x0000005308ffb100
Event: 126.212 Thread 0x0000024078406000 DEOPT UNPACKING pc=0x0000024060b7a1af sp=0x0000005308ffb100 mode 2
Event: 126.212 Thread 0x0000024078406000 Uncommon trap: trap_request=0xffffffbe fr.pc=0x00000240688c420c relative=0x000000000000160c
Event: 126.212 Thread 0x0000024078406000 Uncommon trap: reason=profile_predicate action=maybe_recompile pc=0x00000240688c420c method=javafx.css.CompoundSelector.applies(Ljavafx/css/Styleable;I[Ljava/util/Set;I)Z @ 103 c2
Event: 126.212 Thread 0x0000024078406000 DEOPT PACKING pc=0x00000240688c420c sp=0x0000005308ffb100
Event: 126.212 Thread 0x0000024078406000 DEOPT UNPACKING pc=0x0000024060b7a1af sp=0x0000005308ffb100 mode 2
Event: 126.213 Thread 0x0000024078406000 Uncommon trap: trap_request=0xffffffbe fr.pc=0x00000240688c420c relative=0x000000000000160c
Event: 126.213 Thread 0x0000024078406000 Uncommon trap: reason=profile_predicate action=maybe_recompile pc=0x00000240688c420c method=javafx.css.CompoundSelector.applies(Ljavafx/css/Styleable;I[Ljava/util/Set;I)Z @ 103 c2
Event: 126.213 Thread 0x0000024078406000 DEOPT PACKING pc=0x00000240688c420c sp=0x0000005308ffb100
Event: 126.213 Thread 0x0000024078406000 DEOPT UNPACKING pc=0x0000024060b7a1af sp=0x0000005308ffb100 mode 2
Event: 126.213 Thread 0x0000024078406000 Uncommon trap: trap_request=0xffffffbe fr.pc=0x00000240688c420c relative=0x000000000000160c
Event: 126.213 Thread 0x0000024078406000 Uncommon trap: reason=profile_predicate action=maybe_recompile pc=0x00000240688c420c method=javafx.css.CompoundSelector.applies(Ljavafx/css/Styleable;I[Ljava/util/Set;I)Z @ 103 c2
Event: 126.213 Thread 0x0000024078406000 DEOPT PACKING pc=0x00000240688c420c sp=0x0000005308ffb100
Event: 126.213 Thread 0x0000024078406000 DEOPT UNPACKING pc=0x0000024060b7a1af sp=0x0000005308ffb100 mode 2
Event: 137.089 Thread 0x0000024078406000 Uncommon trap: trap_request=0xffffff4d fr.pc=0x0000024068891dd4 relative=0x0000000000000134
Event: 137.089 Thread 0x0000024078406000 Uncommon trap: reason=unstable_if action=reinterpret pc=0x0000024068891dd4 method=java.util.concurrent.locks.ReentrantLock$Sync.nonfairTryAcquire(I)Z @ 10 c2
Event: 137.089 Thread 0x0000024078406000 DEOPT PACKING pc=0x0000024068891dd4 sp=0x0000005308ffc4c0
Event: 137.089 Thread 0x0000024078406000 DEOPT UNPACKING pc=0x0000024060b7a1af sp=0x0000005308ffc468 mode 2

Classes redefined (0 events):
No events

Internal exceptions (20 events):
Event: 158.545 Thread 0x0000024078ac0800 Exception <a 'java/net/SocketTimeoutException'{0x0000000087184588}: Read timed out> (0x0000000087184588) thrown at [s\src\hotspot\share\prims\jni.cpp, line 638]
Event: 158.545 Thread 0x0000024000163000 Exception <a 'java/net/SocketTimeoutException'{0x00000000878b9200}: Read timed out> (0x00000000878b9200) thrown at [s\src\hotspot\share\prims\jni.cpp, line 638]
Event: 158.545 Thread 0x0000024078ac7000 Exception <a 'java/net/SocketTimeoutException'{0x0000000087f0b8a8}: Read timed out> (0x0000000087f0b8a8) thrown at [s\src\hotspot\share\prims\jni.cpp, line 638]
Event: 158.545 Thread 0x0000024078abc800 Exception <a 'java/net/SocketTimeoutException'{0x0000000086f5dfc0}: Read timed out> (0x0000000086f5dfc0) thrown at [s\src\hotspot\share\prims\jni.cpp, line 638]
Event: 158.545 Thread 0x0000024078ab8000 Exception <a 'java/net/SocketTimeoutException'{0x0000000086f6e440}: Read timed out> (0x0000000086f6e440) thrown at [s\src\hotspot\share\prims\jni.cpp, line 638]
Event: 158.545 Thread 0x000002407901a000 Exception <a 'java/net/SocketTimeoutException'{0x00000000892131c0}: Read timed out> (0x00000000892131c0) thrown at [s\src\hotspot\share\prims\jni.cpp, line 638]
Event: 158.545 Thread 0x0000024078abf000 Exception <a 'java/net/SocketTimeoutException'{0x00000000879e1328}: Read timed out> (0x00000000879e1328) thrown at [s\src\hotspot\share\prims\jni.cpp, line 638]
Event: 158.972 Thread 0x0000024079016800 Exception <a 'java/net/SocketTimeoutException'{0x0000000087885530}: Read timed out> (0x0000000087885530) thrown at [s\src\hotspot\share\prims\jni.cpp, line 638]
Event: 159.058 Thread 0x00000240790a2000 Exception <a 'java/net/SocketTimeoutException'{0x000000008911efb8}: Read timed out> (0x000000008911efb8) thrown at [s\src\hotspot\share\prims\jni.cpp, line 638]
Event: 159.585 Thread 0x000002407901a000 Exception <a 'java/net/SocketTimeoutException'{0x0000000089213ae8}: Read timed out> (0x0000000089213ae8) thrown at [s\src\hotspot\share\prims\jni.cpp, line 638]
Event: 159.585 Thread 0x0000024078ab8000 Exception <a 'java/net/SocketTimeoutException'{0x0000000086f6ed68}: Read timed out> (0x0000000086f6ed68) thrown at [s\src\hotspot\share\prims\jni.cpp, line 638]
Event: 159.586 Thread 0x0000024078ac7000 Exception <a 'java/net/SocketTimeoutException'{0x0000000087f0c1d0}: Read timed out> (0x0000000087f0c1d0) thrown at [s\src\hotspot\share\prims\jni.cpp, line 638]
Event: 159.586 Thread 0x0000024078abf000 Exception <a 'java/net/SocketTimeoutException'{0x00000000879e1c50}: Read timed out> (0x00000000879e1c50) thrown at [s\src\hotspot\share\prims\jni.cpp, line 638]
Event: 159.586 Thread 0x0000024078abc800 Exception <a 'java/net/SocketTimeoutException'{0x0000000086f5ee88}: Read timed out> (0x0000000086f5ee88) thrown at [s\src\hotspot\share\prims\jni.cpp, line 638]
Event: 159.586 Thread 0x0000024078ac0800 Exception <a 'java/net/SocketTimeoutException'{0x0000000087184eb0}: Read timed out> (0x0000000087184eb0) thrown at [s\src\hotspot\share\prims\jni.cpp, line 638]
Event: 159.586 Thread 0x0000024000163000 Exception <a 'java/net/SocketTimeoutException'{0x00000000878b9b28}: Read timed out> (0x00000000878b9b28) thrown at [s\src\hotspot\share\prims\jni.cpp, line 638]
Event: 159.972 Thread 0x0000024079016800 Exception <a 'java/net/SocketTimeoutException'{0x0000000087885850}: Read timed out> (0x0000000087885850) thrown at [s\src\hotspot\share\prims\jni.cpp, line 638]
Event: 160.059 Thread 0x00000240790a2000 Exception <a 'java/net/SocketTimeoutException'{0x000000008911f2d8}: Read timed out> (0x000000008911f2d8) thrown at [s\src\hotspot\share\prims\jni.cpp, line 638]
Event: 160.509 Thread 0x0000024078406000 Exception <a 'java/lang/OutOfMemoryError'{0x0000000086e8f180}: unable to create native thread: possibly out of memory or process/resource limits reached> (0x0000000086e8f180) thrown at [s\src\hotspot\share\prims\jvm.cpp, line 2927]
Event: 160.509 Thread 0x0000024078406000 Exception <a 'java/lang/OutOfMemoryError'{0x0000000086e8f180}> (0x0000000086e8f180) thrown at [s\src\hotspot\share\prims\jvm.cpp, line 1310]

Events (20 events):
Event: 136.988 Executing VM operation: RevokeBias done
Event: 139.905 Executing VM operation: RevokeBias
Event: 139.906 Executing VM operation: RevokeBias done
Event: 139.909 Executing VM operation: RevokeBias
Event: 139.910 Executing VM operation: RevokeBias done
Event: 139.911 Executing VM operation: RevokeBias
Event: 139.911 Executing VM operation: RevokeBias done
Event: 139.911 Executing VM operation: RevokeBias
Event: 139.911 Executing VM operation: RevokeBias done
Event: 156.546 Thread 0x000002400015f800 Thread added: 0x000002400015f800
Event: 158.574 Executing VM operation: BulkRevokeBias
Event: 158.577 Executing VM operation: BulkRevokeBias done
Event: 158.577 Thread 0x000002400015f800 Thread exited: 0x000002400015f800
Event: 160.509 loading class java/lang/Throwable$WrappedPrintStream
Event: 160.523 loading class java/lang/Throwable$PrintStreamOrWriter
Event: 160.523 loading class java/lang/Throwable$PrintStreamOrWriter done
Event: 160.524 loading class java/lang/Throwable$WrappedPrintStream done
Event: 160.525 loading class java/lang/StackTraceElement$HashedModules
Event: 160.540 loading class java/lang/StackTraceElement$HashedModules done
Event: 160.571 Executing VM operation: CollectForMetadataAllocation


Dynamic libraries:
0x00007ff73e740000 - 0x00007ff73e74e000 	C:\Program Files\Eclipse Adoptium\jdk-11.0.19.7-hotspot\bin\java.exe
0x00007ffdeca90000 - 0x00007ffdecc88000 	C:\Windows\SYSTEM32\ntdll.dll
0x00007ffdebdf0000 - 0x00007ffdebeb2000 	C:\Windows\System32\KERNEL32.DLL
0x00007ffdea420000 - 0x00007ffdea71f000 	C:\Windows\System32\KERNELBASE.dll
0x00007ffdea840000 - 0x00007ffdea940000 	C:\Windows\System32\ucrtbase.dll
0x00007ffdddb20000 - 0x00007ffdddb39000 	C:\Program Files\Eclipse Adoptium\jdk-11.0.19.7-hotspot\bin\VCRUNTIME140.dll
0x00007ffdddac0000 - 0x00007ffdddad8000 	C:\Program Files\Eclipse Adoptium\jdk-11.0.19.7-hotspot\bin\jli.dll
0x00007ffdebfa0000 - 0x00007ffdec13d000 	C:\Windows\System32\USER32.dll
0x00007ffdea290000 - 0x00007ffdea2b2000 	C:\Windows\System32\win32u.dll
0x00007ffdeaad0000 - 0x00007ffdeaafb000 	C:\Windows\System32\GDI32.dll
0x00007ffdea720000 - 0x00007ffdea837000 	C:\Windows\System32\gdi32full.dll
0x00007ffdea380000 - 0x00007ffdea41d000 	C:\Windows\System32\msvcp_win.dll
0x00007ffdd8c10000 - 0x00007ffdd8eaa000 	C:\Windows\WinSxS\amd64_microsoft.windows.common-controls_6595b64144ccf1df_6.0.19041.4355_none_60b8b9eb71f62e16\COMCTL32.dll
0x00007ffdec9b0000 - 0x00007ffdeca4e000 	C:\Windows\System32\msvcrt.dll
0x00007ffdeadd0000 - 0x00007ffdeadff000 	C:\Windows\System32\IMM32.DLL
0x00007ffde6760000 - 0x00007ffde676c000 	C:\Program Files\Eclipse Adoptium\jdk-11.0.19.7-hotspot\bin\vcruntime140_1.dll
0x00007ffdd8960000 - 0x00007ffdd89f1000 	C:\Program Files\Eclipse Adoptium\jdk-11.0.19.7-hotspot\bin\msvcp140.dll
0x00007ffd8ec80000 - 0x00007ffd8f83c000 	C:\Program Files\Eclipse Adoptium\jdk-11.0.19.7-hotspot\bin\server\jvm.dll
0x00007ffdeb970000 - 0x00007ffdeba21000 	C:\Windows\System32\ADVAPI32.dll
0x00007ffdeab00000 - 0x00007ffdeab9f000 	C:\Windows\System32\sechost.dll
0x00007ffdeb060000 - 0x00007ffdeb183000 	C:\Windows\System32\RPCRT4.dll
0x00007ffdea1d0000 - 0x00007ffdea1f7000 	C:\Windows\System32\bcrypt.dll
0x00007ffdeb050000 - 0x00007ffdeb058000 	C:\Windows\System32\PSAPI.DLL
0x00007ffdcf720000 - 0x00007ffdcf729000 	C:\Windows\SYSTEM32\WSOCK32.dll
0x00007ffdeb900000 - 0x00007ffdeb96b000 	C:\Windows\System32\WS2_32.dll
0x00007ffdd4070000 - 0x00007ffdd4097000 	C:\Windows\SYSTEM32\WINMM.dll
0x00007ffdda320000 - 0x00007ffdda32a000 	C:\Windows\SYSTEM32\VERSION.dll
0x00007ffde8900000 - 0x00007ffde8912000 	C:\Windows\SYSTEM32\kernel.appcore.dll
0x00007ffde62c0000 - 0x00007ffde62d0000 	C:\Program Files\Eclipse Adoptium\jdk-11.0.19.7-hotspot\bin\verify.dll
0x00007ffde86f0000 - 0x00007ffde88d4000 	C:\Windows\SYSTEM32\DBGHELP.DLL
0x00007ffddd4e0000 - 0x00007ffddd514000 	C:\Windows\SYSTEM32\dbgcore.DLL
0x00007ffdea200000 - 0x00007ffdea282000 	C:\Windows\System32\bcryptPrimitives.dll
0x00007ffddc680000 - 0x00007ffddc6a8000 	C:\Program Files\Eclipse Adoptium\jdk-11.0.19.7-hotspot\bin\java.dll
0x00007ffde58e0000 - 0x00007ffde58ea000 	C:\Program Files\Eclipse Adoptium\jdk-11.0.19.7-hotspot\bin\jimage.dll
0x00007ffddc660000 - 0x00007ffddc678000 	C:\Program Files\Eclipse Adoptium\jdk-11.0.19.7-hotspot\bin\zip.dll
0x00007ffdeb190000 - 0x00007ffdeb8fe000 	C:\Windows\System32\SHELL32.dll
0x00007ffde7e70000 - 0x00007ffde8614000 	C:\Windows\SYSTEM32\windows.storage.dll
0x00007ffdeba30000 - 0x00007ffdebd85000 	C:\Windows\System32\combase.dll
0x00007ffde9a70000 - 0x00007ffde9a9f000 	C:\Windows\SYSTEM32\Wldp.dll
0x00007ffdeae60000 - 0x00007ffdeaf2d000 	C:\Windows\System32\OLEAUT32.dll
0x00007ffdec900000 - 0x00007ffdec9ad000 	C:\Windows\System32\SHCORE.dll
0x00007ffdec6f0000 - 0x00007ffdec745000 	C:\Windows\System32\shlwapi.dll
0x00007ffdea050000 - 0x00007ffdea074000 	C:\Windows\SYSTEM32\profapi.dll
0x00007ffddc410000 - 0x00007ffddc429000 	C:\Program Files\Eclipse Adoptium\jdk-11.0.19.7-hotspot\bin\net.dll
0x00007ffde38a0000 - 0x00007ffde39ad000 	C:\Windows\SYSTEM32\WINHTTP.dll
0x00007ffde9850000 - 0x00007ffde98ba000 	C:\Windows\system32\mswsock.dll
0x00007ffdd9130000 - 0x00007ffdd9143000 	C:\Program Files\Eclipse Adoptium\jdk-11.0.19.7-hotspot\bin\nio.dll
0x00000240563d0000 - 0x00000240563d3000 	C:\Users\morx9\Documents\LeuvenDigitalTwinPrototype\Studies\EV3Gui\main\JavaFX11\bin\api-ms-win-core-console-l1-1-0.dll
0x0000024058310000 - 0x0000024058313000 	C:\Users\morx9\Documents\LeuvenDigitalTwinPrototype\Studies\EV3Gui\main\JavaFX11\bin\api-ms-win-core-datetime-l1-1-0.dll
0x0000024058320000 - 0x0000024058323000 	C:\Users\morx9\Documents\LeuvenDigitalTwinPrototype\Studies\EV3Gui\main\JavaFX11\bin\api-ms-win-core-debug-l1-1-0.dll
0x0000024058330000 - 0x0000024058333000 	C:\Users\morx9\Documents\LeuvenDigitalTwinPrototype\Studies\EV3Gui\main\JavaFX11\bin\api-ms-win-core-errorhandling-l1-1-0.dll
0x0000024058340000 - 0x0000024058344000 	C:\Users\morx9\Documents\LeuvenDigitalTwinPrototype\Studies\EV3Gui\main\JavaFX11\bin\api-ms-win-core-file-l1-1-0.dll
0x0000024058350000 - 0x0000024058353000 	C:\Users\morx9\Documents\LeuvenDigitalTwinPrototype\Studies\EV3Gui\main\JavaFX11\bin\api-ms-win-core-file-l1-2-0.dll
0x0000024058360000 - 0x0000024058363000 	C:\Users\morx9\Documents\LeuvenDigitalTwinPrototype\Studies\EV3Gui\main\JavaFX11\bin\api-ms-win-core-file-l2-1-0.dll
0x0000024058370000 - 0x0000024058373000 	C:\Users\morx9\Documents\LeuvenDigitalTwinPrototype\Studies\EV3Gui\main\JavaFX11\bin\api-ms-win-core-handle-l1-1-0.dll
0x0000024058380000 - 0x0000024058383000 	C:\Users\morx9\Documents\LeuvenDigitalTwinPrototype\Studies\EV3Gui\main\JavaFX11\bin\api-ms-win-core-heap-l1-1-0.dll
0x00000240790c0000 - 0x00000240790c3000 	C:\Users\morx9\Documents\LeuvenDigitalTwinPrototype\Studies\EV3Gui\main\JavaFX11\bin\api-ms-win-core-interlocked-l1-1-0.dll
0x00000240790d0000 - 0x00000240790d3000 	C:\Users\morx9\Documents\LeuvenDigitalTwinPrototype\Studies\EV3Gui\main\JavaFX11\bin\api-ms-win-core-libraryloader-l1-1-0.dll
0x00000240790e0000 - 0x00000240790e3000 	C:\Users\morx9\Documents\LeuvenDigitalTwinPrototype\Studies\EV3Gui\main\JavaFX11\bin\api-ms-win-core-localization-l1-2-0.dll
0x00000240790f0000 - 0x00000240790f3000 	C:\Users\morx9\Documents\LeuvenDigitalTwinPrototype\Studies\EV3Gui\main\JavaFX11\bin\api-ms-win-core-memory-l1-1-0.dll
0x0000024079100000 - 0x0000024079103000 	C:\Users\morx9\Documents\LeuvenDigitalTwinPrototype\Studies\EV3Gui\main\JavaFX11\bin\api-ms-win-core-namedpipe-l1-1-0.dll
0x0000024079110000 - 0x0000024079113000 	C:\Users\morx9\Documents\LeuvenDigitalTwinPrototype\Studies\EV3Gui\main\JavaFX11\bin\api-ms-win-core-processenvironment-l1-1-0.dll
0x0000024079120000 - 0x0000024079123000 	C:\Users\morx9\Documents\LeuvenDigitalTwinPrototype\Studies\EV3Gui\main\JavaFX11\bin\api-ms-win-core-processthreads-l1-1-0.dll
0x0000024079130000 - 0x0000024079133000 	C:\Users\morx9\Documents\LeuvenDigitalTwinPrototype\Studies\EV3Gui\main\JavaFX11\bin\api-ms-win-core-processthreads-l1-1-1.dll
0x0000024079140000 - 0x0000024079143000 	C:\Users\morx9\Documents\LeuvenDigitalTwinPrototype\Studies\EV3Gui\main\JavaFX11\bin\api-ms-win-core-profile-l1-1-0.dll
0x0000024079150000 - 0x0000024079153000 	C:\Users\morx9\Documents\LeuvenDigitalTwinPrototype\Studies\EV3Gui\main\JavaFX11\bin\api-ms-win-core-rtlsupport-l1-1-0.dll
0x0000024079160000 - 0x0000024079163000 	C:\Users\morx9\Documents\LeuvenDigitalTwinPrototype\Studies\EV3Gui\main\JavaFX11\bin\api-ms-win-core-string-l1-1-0.dll
0x0000024079170000 - 0x0000024079173000 	C:\Users\morx9\Documents\LeuvenDigitalTwinPrototype\Studies\EV3Gui\main\JavaFX11\bin\api-ms-win-core-synch-l1-1-0.dll
0x0000024079180000 - 0x0000024079183000 	C:\Users\morx9\Documents\LeuvenDigitalTwinPrototype\Studies\EV3Gui\main\JavaFX11\bin\api-ms-win-core-synch-l1-2-0.dll
0x0000024079190000 - 0x0000024079193000 	C:\Users\morx9\Documents\LeuvenDigitalTwinPrototype\Studies\EV3Gui\main\JavaFX11\bin\api-ms-win-core-sysinfo-l1-1-0.dll
0x00000240791a0000 - 0x00000240791a3000 	C:\Users\morx9\Documents\LeuvenDigitalTwinPrototype\Studies\EV3Gui\main\JavaFX11\bin\api-ms-win-core-timezone-l1-1-0.dll
0x00000240791b0000 - 0x00000240791b3000 	C:\Users\morx9\Documents\LeuvenDigitalTwinPrototype\Studies\EV3Gui\main\JavaFX11\bin\api-ms-win-core-util-l1-1-0.dll
0x00000240791c0000 - 0x00000240791c3000 	C:\Users\morx9\Documents\LeuvenDigitalTwinPrototype\Studies\EV3Gui\main\JavaFX11\bin\api-ms-win-crt-conio-l1-1-0.dll
0x00000240791d0000 - 0x00000240791d4000 	C:\Users\morx9\Documents\LeuvenDigitalTwinPrototype\Studies\EV3Gui\main\JavaFX11\bin\api-ms-win-crt-convert-l1-1-0.dll
0x00000240791e0000 - 0x00000240791e3000 	C:\Users\morx9\Documents\LeuvenDigitalTwinPrototype\Studies\EV3Gui\main\JavaFX11\bin\api-ms-win-crt-environment-l1-1-0.dll
0x00000240791f0000 - 0x00000240791f3000 	C:\Users\morx9\Documents\LeuvenDigitalTwinPrototype\Studies\EV3Gui\main\JavaFX11\bin\api-ms-win-crt-filesystem-l1-1-0.dll
0x0000024079200000 - 0x0000024079203000 	C:\Users\morx9\Documents\LeuvenDigitalTwinPrototype\Studies\EV3Gui\main\JavaFX11\bin\api-ms-win-crt-heap-l1-1-0.dll
0x0000024079210000 - 0x0000024079213000 	C:\Users\morx9\Documents\LeuvenDigitalTwinPrototype\Studies\EV3Gui\main\JavaFX11\bin\api-ms-win-crt-locale-l1-1-0.dll
0x0000024079220000 - 0x0000024079225000 	C:\Users\morx9\Documents\LeuvenDigitalTwinPrototype\Studies\EV3Gui\main\JavaFX11\bin\api-ms-win-crt-math-l1-1-0.dll
0x0000024079230000 - 0x0000024079235000 	C:\Users\morx9\Documents\LeuvenDigitalTwinPrototype\Studies\EV3Gui\main\JavaFX11\bin\api-ms-win-crt-multibyte-l1-1-0.dll
0x0000024079240000 - 0x0000024079250000 	C:\Users\morx9\Documents\LeuvenDigitalTwinPrototype\Studies\EV3Gui\main\JavaFX11\bin\api-ms-win-crt-private-l1-1-0.dll
0x0000024079250000 - 0x0000024079253000 	C:\Users\morx9\Documents\LeuvenDigitalTwinPrototype\Studies\EV3Gui\main\JavaFX11\bin\api-ms-win-crt-process-l1-1-0.dll
0x0000024079260000 - 0x0000024079264000 	C:\Users\morx9\Documents\LeuvenDigitalTwinPrototype\Studies\EV3Gui\main\JavaFX11\bin\api-ms-win-crt-runtime-l1-1-0.dll
0x0000024079270000 - 0x0000024079274000 	C:\Users\morx9\Documents\LeuvenDigitalTwinPrototype\Studies\EV3Gui\main\JavaFX11\bin\api-ms-win-crt-stdio-l1-1-0.dll
0x0000024079280000 - 0x0000024079284000 	C:\Users\morx9\Documents\LeuvenDigitalTwinPrototype\Studies\EV3Gui\main\JavaFX11\bin\api-ms-win-crt-string-l1-1-0.dll
0x0000024079290000 - 0x0000024079293000 	C:\Users\morx9\Documents\LeuvenDigitalTwinPrototype\Studies\EV3Gui\main\JavaFX11\bin\api-ms-win-crt-time-l1-1-0.dll
0x00000240792a0000 - 0x00000240792a3000 	C:\Users\morx9\Documents\LeuvenDigitalTwinPrototype\Studies\EV3Gui\main\JavaFX11\bin\api-ms-win-crt-utility-l1-1-0.dll
0x00007ffdd8860000 - 0x00007ffdd895a000 	C:\Users\morx9\Documents\LeuvenDigitalTwinPrototype\Studies\EV3Gui\main\JavaFX11\bin\ucrtbase.dll
0x00007ffdd8b70000 - 0x00007ffdd8b86000 	C:\Users\morx9\Documents\LeuvenDigitalTwinPrototype\Studies\EV3Gui\main\JavaFX11\bin\vcruntime140.dll
0x00007ffdbf440000 - 0x00007ffdbf4e6000 	C:\Users\morx9\Documents\LeuvenDigitalTwinPrototype\Studies\EV3Gui\main\JavaFX11\bin\msvcp140.dll
0x00007ffdd8800000 - 0x00007ffdd8851000 	C:\Users\morx9\Documents\LeuvenDigitalTwinPrototype\Studies\EV3Gui\main\JavaFX11\bin\concrt140.dll
0x00007ffdd8660000 - 0x00007ffdd8683000 	C:\Users\morx9\Documents\LeuvenDigitalTwinPrototype\Studies\EV3Gui\main\JavaFX11\bin\prism_d3d.dll
0x00007ffdb60e0000 - 0x00007ffdb62b1000 	C:\Windows\system32\d3d9.dll
0x00007ffde7920000 - 0x00007ffde794f000 	C:\Windows\SYSTEM32\dwmapi.dll
0x00007ffde7690000 - 0x00007ffde772e000 	C:\Windows\system32\uxtheme.dll
0x00007ffd60b30000 - 0x00007ffd6306e000 	C:\Windows\SYSTEM32\igdumdim64.dll
0x00007ffdeaca0000 - 0x00007ffdeadcb000 	C:\Windows\System32\ole32.dll
0x00007ffdec140000 - 0x00007ffdec5b1000 	C:\Windows\System32\SETUPAPI.dll
0x00007ffdea330000 - 0x00007ffdea37e000 	C:\Windows\System32\cfgmgr32.dll
0x00007ffdc1610000 - 0x00007ffdc1655000 	C:\Users\morx9\Documents\LeuvenDigitalTwinPrototype\Studies\EV3Gui\main\JavaFX11\bin\glass.dll
0x00007ffdebec0000 - 0x00007ffdebf9a000 	C:\Windows\System32\COMDLG32.dll
0x00007ffdeaf30000 - 0x00007ffdeb045000 	C:\Windows\System32\MSCTF.dll
0x00007ffdddf20000 - 0x00007ffdde960000 	C:\Windows\SYSTEM32\igdusc64.dll
0x00007ffddfd10000 - 0x00007ffddfd4b000 	C:\Windows\SYSTEM32\dxcore.dll
0x00007ffdc9cf0000 - 0x00007ffdc9d04000 	C:\Users\morx9\Documents\LeuvenDigitalTwinPrototype\Studies\EV3Gui\main\JavaFX11\bin\javafx_font.dll
0x00007ffdd9bd0000 - 0x00007ffdd9e4f000 	C:\Windows\SYSTEM32\dwrite.dll
0x00007ffde9550000 - 0x00007ffde961a000 	C:\Windows\SYSTEM32\DNSAPI.dll
0x00007ffde9500000 - 0x00007ffde953b000 	C:\Windows\SYSTEM32\IPHLPAPI.DLL
0x00007ffdeac90000 - 0x00007ffdeac98000 	C:\Windows\System32\NSI.dll
0x00007ffde2760000 - 0x00007ffde276a000 	C:\Windows\System32\rasadhlp.dll
0x00007ffdddea0000 - 0x00007ffdddf20000 	C:\Windows\System32\fwpuclnt.dll
0x00007ffdec640000 - 0x00007ffdec6e9000 	C:\Windows\System32\clbcatq.dll
0x00007ffde7440000 - 0x00007ffde75f4000 	C:\Windows\SYSTEM32\WindowsCodecs.dll
0x00007ffdcb2b0000 - 0x00007ffdcb2ee000 	C:\Windows\system32\dataexchange.dll
0x00007ffde4180000 - 0x00007ffde43e3000 	C:\Windows\system32\d3d11.dll
0x00007ffde4c30000 - 0x00007ffde4e14000 	C:\Windows\system32\dcomp.dll
0x00007ffde8970000 - 0x00007ffde8a66000 	C:\Windows\system32\dxgi.dll
0x00007ffde2180000 - 0x00007ffde2383000 	C:\Windows\system32\twinapi.appcore.dll
0x00007ffdc75a0000 - 0x00007ffdc75d4000 	C:\Program Files\Common Files\Microsoft Shared\Ink\rtscom.dll
0x00007ffddba20000 - 0x00007ffddbb19000 	C:\Windows\SYSTEM32\textinputframework.dll
0x00007ffde51a0000 - 0x00007ffde54fb000 	C:\Windows\System32\CoreUIComponents.dll
0x00007ffde56c0000 - 0x00007ffde57b2000 	C:\Windows\System32\CoreMessaging.dll
0x00007ffde9370000 - 0x00007ffde93a3000 	C:\Windows\SYSTEM32\ntmarta.dll
0x00007ffde6b10000 - 0x00007ffde6c67000 	C:\Windows\SYSTEM32\wintypes.dll
0x00007ffdd5600000 - 0x00007ffdd5666000 	C:\Windows\system32\Oleacc.dll
0x00007ffde4430000 - 0x00007ffde49f0000 	C:\Windows\SYSTEM32\d2d1.dll
0x00007ffddfd50000 - 0x00007ffde0446000 	C:\Windows\SYSTEM32\D3D10Warp.dll

dbghelp: loaded successfully - version: 4.0.5 - missing functions: none
symbol engine: initialized successfully - sym options: 0x614 - pdb path: (cannot be retrieved)

VM Arguments:
jvm_args: --module-path=C:\Users\morx9\Documents\LeuvenDigitalTwinPrototype\Studies\EV3Gui\main\JavaFX11\lib --add-modules=javafx.controls,javafx.fxml --illegal-access=warn 
java_command: main.jar
java_class_path (initial): main.jar
Launcher Type: SUN_STANDARD

[Global flags]
     intx CICompilerCount                          = 3                                         {product} {ergonomic}
     uint ConcGCThreads                            = 1                                         {product} {ergonomic}
     uint G1ConcRefinementThreads                  = 4                                         {product} {ergonomic}
   size_t G1HeapRegionSize                         = 1048576                                   {product} {ergonomic}
    uintx GCDrainStackTargetSize                   = 64                                        {product} {ergonomic}
   size_t InitialHeapSize                          = 134217728                                 {product} {ergonomic}
   size_t MarkStackSize                            = 4194304                                   {product} {ergonomic}
   size_t MaxHeapSize                              = 2126512128                                {product} {ergonomic}
   size_t MaxNewSize                               = 1275068416                                {product} {ergonomic}
   size_t MinHeapDeltaBytes                        = 1048576                                   {product} {ergonomic}
    uintx NonNMethodCodeHeapSize                   = 5830732                                {pd product} {ergonomic}
    uintx NonProfiledCodeHeapSize                  = 122913754                              {pd product} {ergonomic}
    uintx ProfiledCodeHeapSize                     = 122913754                              {pd product} {ergonomic}
    uintx ReservedCodeCacheSize                    = 251658240                              {pd product} {ergonomic}
     bool SegmentedCodeCache                       = true                                      {product} {ergonomic}
     bool UseCompressedClassPointers               = true                                 {lp64_product} {ergonomic}
     bool UseCompressedOops                        = true                                 {lp64_product} {ergonomic}
     bool UseG1GC                                  = true                                      {product} {ergonomic}
     bool UseLargePagesIndividualAllocation        = false                                  {pd product} {ergonomic}

Logging:
Log output configuration:
 #0: stdout all=warning uptime,level,tags
 #1: stderr all=off uptime,level,tags

Environment Variables:
PATH=C:\Program Files\Eclipse Adoptium\jdk-11.0.19.7-hotspot\bin;C:\Program Files\Oculus\Support\oculus-runtime;C:\Windows\system32;C:\Windows;C:\Windows\System32\Wbem;C:\Windows\System32\WindowsPowerShell\v1.0\;C:\Windows\System32\OpenSSH\;C:\Program Files\PuTTY\;C:\Program Files\MATLAB\R2022b\bin;C:\Program Files\dotnet\;C:\ProgramData\chocolatey\bin;C:\Program Files (x86)\GitExtensions\;C:\Program Files\Meld\;C:\MinGW\bin;C:\Program Files\Intel\WiFi\bin\;C:\Program Files\Common Files\Intel\WirelessCommon\;C:\Program Files\nodejs\;C:\Program Files\Microsoft SQL Server\150\Tools\Binn\;C:\Program Files\Microsoft SQL Server\Client SDK\ODBC\170\Tools\Binn\;C:\Users\morx9\AppData\Local\Android\Sdk\platform-tools;C:\ffmpeg-2023-07-19-git-efa6cec759-essentials_build\bin;C:\Program Files\Tailscale\;C:\Program Files\Git\cmd;C:\Users\morx9\AppData\Local\Programs\Python\Python310\Scripts\;C:\Users\morx9\AppData\Local\Programs\Python\Python310\;C:\Users\morx9\AppData\Local\Programs\Python\Python37\Scripts\;C:\Users\morx9\AppData\Local\Programs\Python\Python37\;C:\Users\morx9\.cargo\bin;C:\Users\morx9\AppData\Local\Microsoft\WindowsApps;C:\Users\morx9\AppData\Local\Programs\Microsoft VS Code\bin;C:\MinGW\bin;C:\Program Files\Intel\WiFi\bin\;C:\Program Files\Common Files\Intel\WirelessCommon\;C:\Users\morx9\AppData\Roaming\npm;C:\Users\morx9\.dotnet\tools;C:\Users\morx9\AppData\Local\Programs\Microsoft VS Code Insiders\bin;C:\Program Files\UrgBenriPlus
USERNAME=TizioMaurizio
OS=Windows_NT
PROCESSOR_IDENTIFIER=Intel64 Family 6 Model 61 Stepping 4, GenuineIntel
TMP=C:\Users\morx9\AppData\Local\Temp
TEMP=C:\Users\morx9\AppData\Local\Temp



---------------  S Y S T E M  ---------------

OS: Windows 10 , 64 bit Build 19041 (10.0.19041.5198)
OS uptime: 1 days 18:45 hours
Hyper-V role detected

CPU:total 4 (initial active 4) (2 cores per cpu, 2 threads per core) family 6 model 61 stepping 4 microcode 0x2d, cmov, cx8, fxsr, mmx, sse, sse2, sse3, ssse3, sse4.1, sse4.2, popcnt, avx, avx2, aes, clmul, erms, 3dnowpref, lzcnt, ht, tsc, tscinvbit, bmi1, bmi2, adx, fma

Memory: 4k page, system-wide physical 8110M (767M free)
TotalPageFile size 32686M (AvailPageFile size 0M)
current process WorkingSet (physical memory assigned to process): 149M, peak: 211M
current process commit charge ("private bytes"): 304M, peak: 330M

vm_info: OpenJDK 64-Bit Server VM (11.0.19+7) for windows-amd64 JRE (11.0.19+7), built on Apr 18 2023 23:12:18 by "" with MS VC++ 16.7 (VS2019)

END.
